INFO - 2024-12-07 10:15:43 --> Session: Class initialized using 'CodeIgniter\Session\Handlers\FileHandler' driver.
CRITICAL - 2024-12-07 10:15:43 --> ErrorException: Undefined variable $title
[Method: GET, Route: /]
in APPPATH\Views\templates\adminlte\index.php on line 21.
 1 APPPATH\Views\templates\adminlte\index.php(21): CodeIgniter\Debug\Exceptions->errorHandler()
 2 SYSTEMPATH\View\View.php(234): include('C:\\OSPanel\\domains\\telebot.loc\\app\\Views\\templates\\adminlte\\index.php')
 3 SYSTEMPATH\View\View.php(237): CodeIgniter\View\View->CodeIgniter\View\{closure}()
 4 SYSTEMPATH\Common.php(1171): CodeIgniter\View\View->render()
 5 APPPATH\Controllers\BaseController.php(68): view()
 6 APPPATH\Controllers\Home.php(25): App\Controllers\BaseController->render()
 7 SYSTEMPATH\CodeIgniter.php(933): App\Controllers\Home->index()
 8 SYSTEMPATH\CodeIgniter.php(509): CodeIgniter\CodeIgniter->runController()
 9 SYSTEMPATH\CodeIgniter.php(355): CodeIgniter\CodeIgniter->handleRequest()
10 SYSTEMPATH\Boot.php(325): CodeIgniter\CodeIgniter->run()
11 SYSTEMPATH\Boot.php(67): CodeIgniter\Boot::runCodeIgniter()
12 FCPATH\index.php(56): CodeIgniter\Boot::bootWeb()
INFO - 2024-12-07 10:20:09 --> Session: Class initialized using 'CodeIgniter\Session\Handlers\FileHandler' driver.
CRITICAL - 2024-12-07 10:20:09 --> ErrorException: Trying to access array offset on value of type null
[Method: GET, Route: /]
in APPPATH\Views\templates\adminlte\index.php on line 203.
 1 APPPATH\Views\templates\adminlte\index.php(203): CodeIgniter\Debug\Exceptions->errorHandler()
 2 SYSTEMPATH\View\View.php(234): include('C:\\OSPanel\\domains\\telebot.loc\\app\\Views\\templates\\adminlte\\index.php')
 3 SYSTEMPATH\View\View.php(237): CodeIgniter\View\View->CodeIgniter\View\{closure}()
 4 SYSTEMPATH\Common.php(1171): CodeIgniter\View\View->render()
 5 APPPATH\Controllers\BaseController.php(70): view()
 6 APPPATH\Controllers\Home.php(26): App\Controllers\BaseController->render()
 7 SYSTEMPATH\CodeIgniter.php(933): App\Controllers\Home->index()
 8 SYSTEMPATH\CodeIgniter.php(509): CodeIgniter\CodeIgniter->runController()
 9 SYSTEMPATH\CodeIgniter.php(355): CodeIgniter\CodeIgniter->handleRequest()
10 SYSTEMPATH\Boot.php(325): CodeIgniter\CodeIgniter->run()
11 SYSTEMPATH\Boot.php(67): CodeIgniter\Boot::runCodeIgniter()
12 FCPATH\index.php(56): CodeIgniter\Boot::bootWeb()
INFO - 2024-12-07 10:24:34 --> Session: Class initialized using 'CodeIgniter\Session\Handlers\FileHandler' driver.
CRITICAL - 2024-12-07 10:24:34 --> Error: Call to undefined function settings()
[Method: GET, Route: /]
in APPPATH\Views\templates\adminlte\index.php on line 208.
 1 SYSTEMPATH\View\View.php(234): include()
 2 SYSTEMPATH\View\View.php(237): CodeIgniter\View\View->CodeIgniter\View\{closure}()
 3 SYSTEMPATH\Common.php(1171): CodeIgniter\View\View->render()
 4 APPPATH\Controllers\BaseController.php(70): view()
 5 APPPATH\Controllers\Home.php(26): App\Controllers\BaseController->render()
 6 SYSTEMPATH\CodeIgniter.php(933): App\Controllers\Home->index()
 7 SYSTEMPATH\CodeIgniter.php(509): CodeIgniter\CodeIgniter->runController()
 8 SYSTEMPATH\CodeIgniter.php(355): CodeIgniter\CodeIgniter->handleRequest()
 9 SYSTEMPATH\Boot.php(325): CodeIgniter\CodeIgniter->run()
10 SYSTEMPATH\Boot.php(67): CodeIgniter\Boot::runCodeIgniter()
11 FCPATH\index.php(56): CodeIgniter\Boot::bootWeb()
INFO - 2024-12-07 10:29:44 --> Session: Class initialized using 'CodeIgniter\Session\Handlers\FileHandler' driver.
ERROR - 2024-12-07 10:29:44 --> mysqli_sql_exception: Table 'telebot_db.settings' doesn't exist in C:\OSPanel\domains\telebot.loc\system\Database\MySQLi\Connection.php:312
Stack trace:
#0 C:\OSPanel\domains\telebot.loc\system\Database\MySQLi\Connection.php(312): mysqli->query()
#1 C:\OSPanel\domains\telebot.loc\system\Database\BaseConnection.php(734): CodeIgniter\Database\MySQLi\Connection->execute()
#2 C:\OSPanel\domains\telebot.loc\system\Database\BaseConnection.php(648): CodeIgniter\Database\BaseConnection->simpleQuery()
#3 C:\OSPanel\domains\telebot.loc\system\Database\BaseBuilder.php(1644): CodeIgniter\Database\BaseConnection->query()
#4 C:\OSPanel\domains\telebot.loc\system\Model.php(286): CodeIgniter\Database\BaseBuilder->get()
#5 C:\OSPanel\domains\telebot.loc\system\BaseModel.php(676): CodeIgniter\Model->doFindAll()
#6 C:\OSPanel\domains\telebot.loc\app\Libraries\Settings.php(13): CodeIgniter\BaseModel->findAll()
#7 C:\OSPanel\domains\telebot.loc\app\Common.php(31): App\Libraries\Settings::getInstance()
#8 C:\OSPanel\domains\telebot.loc\app\Views\templates\adminlte\index.php(208): settings()
#9 C:\OSPanel\domains\telebot.loc\system\View\View.php(234): include('C:\\OSPanel\\doma...')
#10 C:\OSPanel\domains\telebot.loc\system\View\View.php(237): CodeIgniter\View\View->CodeIgniter\View\{closure}()
#11 C:\OSPanel\domains\telebot.loc\system\Common.php(1171): CodeIgniter\View\View->render()
#12 C:\OSPanel\domains\telebot.loc\app\Controllers\BaseController.php(70): view()
#13 C:\OSPanel\domains\telebot.loc\app\Controllers\Home.php(26): App\Controllers\BaseController->render()
#14 C:\OSPanel\domains\telebot.loc\system\CodeIgniter.php(933): App\Controllers\Home->index()
#15 C:\OSPanel\domains\telebot.loc\system\CodeIgniter.php(509): CodeIgniter\CodeIgniter->runController()
#16 C:\OSPanel\domains\telebot.loc\system\CodeIgniter.php(355): CodeIgniter\CodeIgniter->handleRequest()
#17 C:\OSPanel\domains\telebot.loc\system\Boot.php(325): CodeIgniter\CodeIgniter->run()
#18 C:\OSPanel\domains\telebot.loc\system\Boot.php(67): CodeIgniter\Boot::runCodeIgniter()
#19 C:\OSPanel\domains\telebot.loc\public\index.php(56): CodeIgniter\Boot::bootWeb()
#20 {main}
CRITICAL - 2024-12-07 10:29:44 --> CodeIgniter\Database\Exceptions\DatabaseException: Table 'telebot_db.settings' doesn't exist
[Method: GET, Route: /]
in SYSTEMPATH\Database\BaseConnection.php on line 688.
 1 SYSTEMPATH\Database\BaseBuilder.php(1644): CodeIgniter\Database\BaseConnection->query()
 2 SYSTEMPATH\Model.php(286): CodeIgniter\Database\BaseBuilder->get()
 3 SYSTEMPATH\BaseModel.php(676): CodeIgniter\Model->doFindAll()
 4 APPPATH\Libraries\Settings.php(13): CodeIgniter\BaseModel->findAll()
 5 APPPATH\Common.php(31): App\Libraries\Settings::getInstance()
 6 APPPATH\Views\templates\adminlte\index.php(208): settings()
 7 SYSTEMPATH\View\View.php(234): include('C:\\OSPanel\\domains\\telebot.loc\\app\\Views\\templates\\adminlte\\index.php')
 8 SYSTEMPATH\View\View.php(237): CodeIgniter\View\View->CodeIgniter\View\{closure}()
 9 SYSTEMPATH\Common.php(1171): CodeIgniter\View\View->render()
10 APPPATH\Controllers\BaseController.php(70): view()
11 APPPATH\Controllers\Home.php(26): App\Controllers\BaseController->render()
12 SYSTEMPATH\CodeIgniter.php(933): App\Controllers\Home->index()
13 SYSTEMPATH\CodeIgniter.php(509): CodeIgniter\CodeIgniter->runController()
14 SYSTEMPATH\CodeIgniter.php(355): CodeIgniter\CodeIgniter->handleRequest()
15 SYSTEMPATH\Boot.php(325): CodeIgniter\CodeIgniter->run()
16 SYSTEMPATH\Boot.php(67): CodeIgniter\Boot::runCodeIgniter()
17 FCPATH\index.php(56): CodeIgniter\Boot::bootWeb()
CRITICAL - 2024-12-07 10:29:44 --> [Caused by] CodeIgniter\Database\Exceptions\DatabaseException: Table 'telebot_db.settings' doesn't exist
in SYSTEMPATH\Database\MySQLi\Connection.php on line 317.
 1 SYSTEMPATH\Database\BaseConnection.php(734): CodeIgniter\Database\MySQLi\Connection->execute()
 2 SYSTEMPATH\Database\BaseConnection.php(648): CodeIgniter\Database\BaseConnection->simpleQuery()
 3 SYSTEMPATH\Database\BaseBuilder.php(1644): CodeIgniter\Database\BaseConnection->query()
 4 SYSTEMPATH\Model.php(286): CodeIgniter\Database\BaseBuilder->get()
 5 SYSTEMPATH\BaseModel.php(676): CodeIgniter\Model->doFindAll()
 6 APPPATH\Libraries\Settings.php(13): CodeIgniter\BaseModel->findAll()
 7 APPPATH\Common.php(31): App\Libraries\Settings::getInstance()
 8 APPPATH\Views\templates\adminlte\index.php(208): settings()
 9 SYSTEMPATH\View\View.php(234): include('C:\\OSPanel\\domains\\telebot.loc\\app\\Views\\templates\\adminlte\\index.php')
10 SYSTEMPATH\View\View.php(237): CodeIgniter\View\View->CodeIgniter\View\{closure}()
11 SYSTEMPATH\Common.php(1171): CodeIgniter\View\View->render()
12 APPPATH\Controllers\BaseController.php(70): view()
13 APPPATH\Controllers\Home.php(26): App\Controllers\BaseController->render()
14 SYSTEMPATH\CodeIgniter.php(933): App\Controllers\Home->index()
15 SYSTEMPATH\CodeIgniter.php(509): CodeIgniter\CodeIgniter->runController()
16 SYSTEMPATH\CodeIgniter.php(355): CodeIgniter\CodeIgniter->handleRequest()
17 SYSTEMPATH\Boot.php(325): CodeIgniter\CodeIgniter->run()
18 SYSTEMPATH\Boot.php(67): CodeIgniter\Boot::runCodeIgniter()
19 FCPATH\index.php(56): CodeIgniter\Boot::bootWeb()
CRITICAL - 2024-12-07 10:29:44 --> [Caused by] mysqli_sql_exception: Table 'telebot_db.settings' doesn't exist
in SYSTEMPATH\Database\MySQLi\Connection.php on line 312.
 1 SYSTEMPATH\Database\MySQLi\Connection.php(312): mysqli->query()
 2 SYSTEMPATH\Database\BaseConnection.php(734): CodeIgniter\Database\MySQLi\Connection->execute()
 3 SYSTEMPATH\Database\BaseConnection.php(648): CodeIgniter\Database\BaseConnection->simpleQuery()
 4 SYSTEMPATH\Database\BaseBuilder.php(1644): CodeIgniter\Database\BaseConnection->query()
 5 SYSTEMPATH\Model.php(286): CodeIgniter\Database\BaseBuilder->get()
 6 SYSTEMPATH\BaseModel.php(676): CodeIgniter\Model->doFindAll()
 7 APPPATH\Libraries\Settings.php(13): CodeIgniter\BaseModel->findAll()
 8 APPPATH\Common.php(31): App\Libraries\Settings::getInstance()
 9 APPPATH\Views\templates\adminlte\index.php(208): settings()
10 SYSTEMPATH\View\View.php(234): include('C:\\OSPanel\\domains\\telebot.loc\\app\\Views\\templates\\adminlte\\index.php')
11 SYSTEMPATH\View\View.php(237): CodeIgniter\View\View->CodeIgniter\View\{closure}()
12 SYSTEMPATH\Common.php(1171): CodeIgniter\View\View->render()
13 APPPATH\Controllers\BaseController.php(70): view()
14 APPPATH\Controllers\Home.php(26): App\Controllers\BaseController->render()
15 SYSTEMPATH\CodeIgniter.php(933): App\Controllers\Home->index()
16 SYSTEMPATH\CodeIgniter.php(509): CodeIgniter\CodeIgniter->runController()
17 SYSTEMPATH\CodeIgniter.php(355): CodeIgniter\CodeIgniter->handleRequest()
18 SYSTEMPATH\Boot.php(325): CodeIgniter\CodeIgniter->run()
19 SYSTEMPATH\Boot.php(67): CodeIgniter\Boot::runCodeIgniter()
20 FCPATH\index.php(56): CodeIgniter\Boot::bootWeb()
INFO - 2024-12-07 10:33:19 --> Session: Class initialized using 'CodeIgniter\Session\Handlers\FileHandler' driver.
CRITICAL - 2024-12-07 10:33:19 --> ErrorException: Trying to access array offset on value of type null
[Method: GET, Route: /]
in APPPATH\Views\templates\adminlte\index.php on line 212.
 1 APPPATH\Views\templates\adminlte\index.php(212): CodeIgniter\Debug\Exceptions->errorHandler()
 2 SYSTEMPATH\View\View.php(234): include('C:\\OSPanel\\domains\\telebot.loc\\app\\Views\\templates\\adminlte\\index.php')
 3 SYSTEMPATH\View\View.php(237): CodeIgniter\View\View->CodeIgniter\View\{closure}()
 4 SYSTEMPATH\Common.php(1171): CodeIgniter\View\View->render()
 5 APPPATH\Controllers\BaseController.php(70): view()
 6 APPPATH\Controllers\Home.php(26): App\Controllers\BaseController->render()
 7 SYSTEMPATH\CodeIgniter.php(933): App\Controllers\Home->index()
 8 SYSTEMPATH\CodeIgniter.php(509): CodeIgniter\CodeIgniter->runController()
 9 SYSTEMPATH\CodeIgniter.php(355): CodeIgniter\CodeIgniter->handleRequest()
10 SYSTEMPATH\Boot.php(325): CodeIgniter\CodeIgniter->run()
11 SYSTEMPATH\Boot.php(67): CodeIgniter\Boot::runCodeIgniter()
12 FCPATH\index.php(56): CodeIgniter\Boot::bootWeb()
INFO - 2024-12-07 10:36:31 --> Session: Class initialized using 'CodeIgniter\Session\Handlers\FileHandler' driver.
CRITICAL - 2024-12-07 10:36:31 --> Error: Class "App\Models\MenuModel" not found
[Method: GET, Route: /]
in APPPATH\Views\templates\adminlte\index.php on line 218.
 1 SYSTEMPATH\View\View.php(234): include()
 2 SYSTEMPATH\View\View.php(237): CodeIgniter\View\View->CodeIgniter\View\{closure}()
 3 SYSTEMPATH\Common.php(1171): CodeIgniter\View\View->render()
 4 APPPATH\Controllers\BaseController.php(70): view()
 5 APPPATH\Controllers\Home.php(26): App\Controllers\BaseController->render()
 6 SYSTEMPATH\CodeIgniter.php(933): App\Controllers\Home->index()
 7 SYSTEMPATH\CodeIgniter.php(509): CodeIgniter\CodeIgniter->runController()
 8 SYSTEMPATH\CodeIgniter.php(355): CodeIgniter\CodeIgniter->handleRequest()
 9 SYSTEMPATH\Boot.php(325): CodeIgniter\CodeIgniter->run()
10 SYSTEMPATH\Boot.php(67): CodeIgniter\Boot::runCodeIgniter()
11 FCPATH\index.php(56): CodeIgniter\Boot::bootWeb()
INFO - 2024-12-07 10:45:06 --> Session: Class initialized using 'CodeIgniter\Session\Handlers\FileHandler' driver.
ERROR - 2024-12-07 10:45:06 --> mysqli_sql_exception: Unknown column 'position' in 'order clause' in C:\OSPanel\domains\telebot.loc\system\Database\MySQLi\Connection.php:312
Stack trace:
#0 C:\OSPanel\domains\telebot.loc\system\Database\MySQLi\Connection.php(312): mysqli->query()
#1 C:\OSPanel\domains\telebot.loc\system\Database\BaseConnection.php(734): CodeIgniter\Database\MySQLi\Connection->execute()
#2 C:\OSPanel\domains\telebot.loc\system\Database\BaseConnection.php(648): CodeIgniter\Database\BaseConnection->simpleQuery()
#3 C:\OSPanel\domains\telebot.loc\system\Database\BaseBuilder.php(1644): CodeIgniter\Database\BaseConnection->query()
#4 C:\OSPanel\domains\telebot.loc\system\Model.php(286): CodeIgniter\Database\BaseBuilder->get()
#5 C:\OSPanel\domains\telebot.loc\system\BaseModel.php(676): CodeIgniter\Model->doFindAll()
#6 C:\OSPanel\domains\telebot.loc\app\Models\MenuModel.php(96): CodeIgniter\BaseModel->findAll()
#7 C:\OSPanel\domains\telebot.loc\app\Views\templates\adminlte\index.php(219): App\Models\MenuModel->getAdminMenu()
#8 C:\OSPanel\domains\telebot.loc\system\View\View.php(234): include('C:\\OSPanel\\doma...')
#9 C:\OSPanel\domains\telebot.loc\system\View\View.php(237): CodeIgniter\View\View->CodeIgniter\View\{closure}()
#10 C:\OSPanel\domains\telebot.loc\system\Common.php(1171): CodeIgniter\View\View->render()
#11 C:\OSPanel\domains\telebot.loc\app\Controllers\BaseController.php(70): view()
#12 C:\OSPanel\domains\telebot.loc\app\Controllers\Home.php(26): App\Controllers\BaseController->render()
#13 C:\OSPanel\domains\telebot.loc\system\CodeIgniter.php(933): App\Controllers\Home->index()
#14 C:\OSPanel\domains\telebot.loc\system\CodeIgniter.php(509): CodeIgniter\CodeIgniter->runController()
#15 C:\OSPanel\domains\telebot.loc\system\CodeIgniter.php(355): CodeIgniter\CodeIgniter->handleRequest()
#16 C:\OSPanel\domains\telebot.loc\system\Boot.php(325): CodeIgniter\CodeIgniter->run()
#17 C:\OSPanel\domains\telebot.loc\system\Boot.php(67): CodeIgniter\Boot::runCodeIgniter()
#18 C:\OSPanel\domains\telebot.loc\public\index.php(56): CodeIgniter\Boot::bootWeb()
#19 {main}
CRITICAL - 2024-12-07 10:45:06 --> CodeIgniter\Database\Exceptions\DatabaseException: Unknown column 'position' in 'order clause'
[Method: GET, Route: /]
in SYSTEMPATH\Database\BaseConnection.php on line 688.
 1 SYSTEMPATH\Database\BaseBuilder.php(1644): CodeIgniter\Database\BaseConnection->query()
 2 SYSTEMPATH\Model.php(286): CodeIgniter\Database\BaseBuilder->get()
 3 SYSTEMPATH\BaseModel.php(676): CodeIgniter\Model->doFindAll()
 4 APPPATH\Models\MenuModel.php(96): CodeIgniter\BaseModel->findAll()
 5 APPPATH\Views\templates\adminlte\index.php(219): App\Models\MenuModel->getAdminMenu()
 6 SYSTEMPATH\View\View.php(234): include('C:\\OSPanel\\domains\\telebot.loc\\app\\Views\\templates\\adminlte\\index.php')
 7 SYSTEMPATH\View\View.php(237): CodeIgniter\View\View->CodeIgniter\View\{closure}()
 8 SYSTEMPATH\Common.php(1171): CodeIgniter\View\View->render()
 9 APPPATH\Controllers\BaseController.php(70): view()
10 APPPATH\Controllers\Home.php(26): App\Controllers\BaseController->render()
11 SYSTEMPATH\CodeIgniter.php(933): App\Controllers\Home->index()
12 SYSTEMPATH\CodeIgniter.php(509): CodeIgniter\CodeIgniter->runController()
13 SYSTEMPATH\CodeIgniter.php(355): CodeIgniter\CodeIgniter->handleRequest()
14 SYSTEMPATH\Boot.php(325): CodeIgniter\CodeIgniter->run()
15 SYSTEMPATH\Boot.php(67): CodeIgniter\Boot::runCodeIgniter()
16 FCPATH\index.php(56): CodeIgniter\Boot::bootWeb()
CRITICAL - 2024-12-07 10:45:06 --> [Caused by] CodeIgniter\Database\Exceptions\DatabaseException: Unknown column 'position' in 'order clause'
in SYSTEMPATH\Database\MySQLi\Connection.php on line 317.
 1 SYSTEMPATH\Database\BaseConnection.php(734): CodeIgniter\Database\MySQLi\Connection->execute()
 2 SYSTEMPATH\Database\BaseConnection.php(648): CodeIgniter\Database\BaseConnection->simpleQuery()
 3 SYSTEMPATH\Database\BaseBuilder.php(1644): CodeIgniter\Database\BaseConnection->query()
 4 SYSTEMPATH\Model.php(286): CodeIgniter\Database\BaseBuilder->get()
 5 SYSTEMPATH\BaseModel.php(676): CodeIgniter\Model->doFindAll()
 6 APPPATH\Models\MenuModel.php(96): CodeIgniter\BaseModel->findAll()
 7 APPPATH\Views\templates\adminlte\index.php(219): App\Models\MenuModel->getAdminMenu()
 8 SYSTEMPATH\View\View.php(234): include('C:\\OSPanel\\domains\\telebot.loc\\app\\Views\\templates\\adminlte\\index.php')
 9 SYSTEMPATH\View\View.php(237): CodeIgniter\View\View->CodeIgniter\View\{closure}()
10 SYSTEMPATH\Common.php(1171): CodeIgniter\View\View->render()
11 APPPATH\Controllers\BaseController.php(70): view()
12 APPPATH\Controllers\Home.php(26): App\Controllers\BaseController->render()
13 SYSTEMPATH\CodeIgniter.php(933): App\Controllers\Home->index()
14 SYSTEMPATH\CodeIgniter.php(509): CodeIgniter\CodeIgniter->runController()
15 SYSTEMPATH\CodeIgniter.php(355): CodeIgniter\CodeIgniter->handleRequest()
16 SYSTEMPATH\Boot.php(325): CodeIgniter\CodeIgniter->run()
17 SYSTEMPATH\Boot.php(67): CodeIgniter\Boot::runCodeIgniter()
18 FCPATH\index.php(56): CodeIgniter\Boot::bootWeb()
CRITICAL - 2024-12-07 10:45:06 --> [Caused by] mysqli_sql_exception: Unknown column 'position' in 'order clause'
in SYSTEMPATH\Database\MySQLi\Connection.php on line 312.
 1 SYSTEMPATH\Database\MySQLi\Connection.php(312): mysqli->query()
 2 SYSTEMPATH\Database\BaseConnection.php(734): CodeIgniter\Database\MySQLi\Connection->execute()
 3 SYSTEMPATH\Database\BaseConnection.php(648): CodeIgniter\Database\BaseConnection->simpleQuery()
 4 SYSTEMPATH\Database\BaseBuilder.php(1644): CodeIgniter\Database\BaseConnection->query()
 5 SYSTEMPATH\Model.php(286): CodeIgniter\Database\BaseBuilder->get()
 6 SYSTEMPATH\BaseModel.php(676): CodeIgniter\Model->doFindAll()
 7 APPPATH\Models\MenuModel.php(96): CodeIgniter\BaseModel->findAll()
 8 APPPATH\Views\templates\adminlte\index.php(219): App\Models\MenuModel->getAdminMenu()
 9 SYSTEMPATH\View\View.php(234): include('C:\\OSPanel\\domains\\telebot.loc\\app\\Views\\templates\\adminlte\\index.php')
10 SYSTEMPATH\View\View.php(237): CodeIgniter\View\View->CodeIgniter\View\{closure}()
11 SYSTEMPATH\Common.php(1171): CodeIgniter\View\View->render()
12 APPPATH\Controllers\BaseController.php(70): view()
13 APPPATH\Controllers\Home.php(26): App\Controllers\BaseController->render()
14 SYSTEMPATH\CodeIgniter.php(933): App\Controllers\Home->index()
15 SYSTEMPATH\CodeIgniter.php(509): CodeIgniter\CodeIgniter->runController()
16 SYSTEMPATH\CodeIgniter.php(355): CodeIgniter\CodeIgniter->handleRequest()
17 SYSTEMPATH\Boot.php(325): CodeIgniter\CodeIgniter->run()
18 SYSTEMPATH\Boot.php(67): CodeIgniter\Boot::runCodeIgniter()
19 FCPATH\index.php(56): CodeIgniter\Boot::bootWeb()
INFO - 2024-12-07 10:47:12 --> Session: Class initialized using 'CodeIgniter\Session\Handlers\FileHandler' driver.
CRITICAL - 2024-12-07 10:47:13 --> CodeIgniter\View\Exceptions\ViewException: Invalid file: "layouts/admin_menu.php"
[Method: GET, Route: /]
in SYSTEMPATH\Exceptions\FrameworkException.php on line 41.
 1 SYSTEMPATH\View\View.php(222): CodeIgniter\Exceptions\FrameworkException::forInvalidFile()
 2 SYSTEMPATH\Common.php(1171): CodeIgniter\View\View->render()
 3 APPPATH\Views\templates\adminlte\index.php(219): view()
 4 SYSTEMPATH\View\View.php(234): include('C:\\OSPanel\\domains\\telebot.loc\\app\\Views\\templates\\adminlte\\index.php')
 5 SYSTEMPATH\View\View.php(237): CodeIgniter\View\View->CodeIgniter\View\{closure}()
 6 SYSTEMPATH\Common.php(1171): CodeIgniter\View\View->render()
 7 APPPATH\Controllers\BaseController.php(70): view()
 8 APPPATH\Controllers\Home.php(26): App\Controllers\BaseController->render()
 9 SYSTEMPATH\CodeIgniter.php(933): App\Controllers\Home->index()
10 SYSTEMPATH\CodeIgniter.php(509): CodeIgniter\CodeIgniter->runController()
11 SYSTEMPATH\CodeIgniter.php(355): CodeIgniter\CodeIgniter->handleRequest()
12 SYSTEMPATH\Boot.php(325): CodeIgniter\CodeIgniter->run()
13 SYSTEMPATH\Boot.php(67): CodeIgniter\Boot::runCodeIgniter()
14 FCPATH\index.php(56): CodeIgniter\Boot::bootWeb()
INFO - 2024-12-07 10:48:37 --> Session: Class initialized using 'CodeIgniter\Session\Handlers\FileHandler' driver.
CRITICAL - 2024-12-07 10:48:37 --> ErrorException: Undefined variable $cur_menu
[Method: GET, Route: /]
in APPPATH\Views\layouts\admin_menu.php on line 2.
 1 APPPATH\Views\layouts\admin_menu.php(2): CodeIgniter\Debug\Exceptions->errorHandler()
 2 SYSTEMPATH\View\View.php(234): include('C:\\OSPanel\\domains\\telebot.loc\\app\\Views\\layouts\\admin_menu.php')
 3 SYSTEMPATH\View\View.php(237): CodeIgniter\View\View->CodeIgniter\View\{closure}()
 4 SYSTEMPATH\Common.php(1171): CodeIgniter\View\View->render()
 5 APPPATH\Views\templates\adminlte\index.php(219): view()
 6 SYSTEMPATH\View\View.php(234): include('C:\\OSPanel\\domains\\telebot.loc\\app\\Views\\templates\\adminlte\\index.php')
 7 SYSTEMPATH\View\View.php(237): CodeIgniter\View\View->CodeIgniter\View\{closure}()
 8 SYSTEMPATH\Common.php(1171): CodeIgniter\View\View->render()
 9 APPPATH\Controllers\BaseController.php(70): view()
10 APPPATH\Controllers\Home.php(26): App\Controllers\BaseController->render()
11 SYSTEMPATH\CodeIgniter.php(933): App\Controllers\Home->index()
12 SYSTEMPATH\CodeIgniter.php(509): CodeIgniter\CodeIgniter->runController()
13 SYSTEMPATH\CodeIgniter.php(355): CodeIgniter\CodeIgniter->handleRequest()
14 SYSTEMPATH\Boot.php(325): CodeIgniter\CodeIgniter->run()
15 SYSTEMPATH\Boot.php(67): CodeIgniter\Boot::runCodeIgniter()
16 FCPATH\index.php(56): CodeIgniter\Boot::bootWeb()
INFO - 2024-12-07 10:50:01 --> Session: Class initialized using 'CodeIgniter\Session\Handlers\FileHandler' driver.
CRITICAL - 2024-12-07 10:50:01 --> ErrorException: Undefined variable $cur_sub_menu
[Method: GET, Route: /]
in APPPATH\Views\layouts\admin_menu.php on line 36.
 1 APPPATH\Views\layouts\admin_menu.php(36): CodeIgniter\Debug\Exceptions->errorHandler()
 2 SYSTEMPATH\View\View.php(234): include('C:\\OSPanel\\domains\\telebot.loc\\app\\Views\\layouts\\admin_menu.php')
 3 SYSTEMPATH\View\View.php(237): CodeIgniter\View\View->CodeIgniter\View\{closure}()
 4 SYSTEMPATH\Common.php(1171): CodeIgniter\View\View->render()
 5 APPPATH\Views\templates\adminlte\index.php(219): view()
 6 SYSTEMPATH\View\View.php(234): include('C:\\OSPanel\\domains\\telebot.loc\\app\\Views\\templates\\adminlte\\index.php')
 7 SYSTEMPATH\View\View.php(237): CodeIgniter\View\View->CodeIgniter\View\{closure}()
 8 SYSTEMPATH\Common.php(1171): CodeIgniter\View\View->render()
 9 APPPATH\Controllers\BaseController.php(70): view()
10 APPPATH\Controllers\Home.php(26): App\Controllers\BaseController->render()
11 SYSTEMPATH\CodeIgniter.php(933): App\Controllers\Home->index()
12 SYSTEMPATH\CodeIgniter.php(509): CodeIgniter\CodeIgniter->runController()
13 SYSTEMPATH\CodeIgniter.php(355): CodeIgniter\CodeIgniter->handleRequest()
14 SYSTEMPATH\Boot.php(325): CodeIgniter\CodeIgniter->run()
15 SYSTEMPATH\Boot.php(67): CodeIgniter\Boot::runCodeIgniter()
16 FCPATH\index.php(56): CodeIgniter\Boot::bootWeb()
INFO - 2024-12-07 10:52:03 --> Session: Class initialized using 'CodeIgniter\Session\Handlers\FileHandler' driver.
CRITICAL - 2024-12-07 10:52:03 --> Error: Class "App\Libraries\Badges" not found
[Method: GET, Route: /]
in APPPATH\Views\templates\adminlte\index.php on line 400.
 1 SYSTEMPATH\View\View.php(234): include()
 2 SYSTEMPATH\View\View.php(237): CodeIgniter\View\View->CodeIgniter\View\{closure}()
 3 SYSTEMPATH\Common.php(1171): CodeIgniter\View\View->render()
 4 APPPATH\Controllers\BaseController.php(70): view()
 5 APPPATH\Controllers\Home.php(26): App\Controllers\BaseController->render()
 6 SYSTEMPATH\CodeIgniter.php(933): App\Controllers\Home->index()
 7 SYSTEMPATH\CodeIgniter.php(509): CodeIgniter\CodeIgniter->runController()
 8 SYSTEMPATH\CodeIgniter.php(355): CodeIgniter\CodeIgniter->handleRequest()
 9 SYSTEMPATH\Boot.php(325): CodeIgniter\CodeIgniter->run()
10 SYSTEMPATH\Boot.php(67): CodeIgniter\Boot::runCodeIgniter()
11 FCPATH\index.php(56): CodeIgniter\Boot::bootWeb()
INFO - 2024-12-07 10:55:04 --> Session: Class initialized using 'CodeIgniter\Session\Handlers\FileHandler' driver.
CRITICAL - 2024-12-07 10:55:04 --> TypeError: App\Controllers\Home::index(): Return value must be of type string, null returned
[Method: GET, Route: /]
in APPPATH\Controllers\Home.php on line 26.
 1 SYSTEMPATH\CodeIgniter.php(933): App\Controllers\Home->index()
 2 SYSTEMPATH\CodeIgniter.php(509): CodeIgniter\CodeIgniter->runController()
 3 SYSTEMPATH\CodeIgniter.php(355): CodeIgniter\CodeIgniter->handleRequest()
 4 SYSTEMPATH\Boot.php(325): CodeIgniter\CodeIgniter->run()
 5 SYSTEMPATH\Boot.php(67): CodeIgniter\Boot::runCodeIgniter()
 6 FCPATH\index.php(56): CodeIgniter\Boot::bootWeb()
INFO - 2024-12-07 10:56:06 --> Session: Class initialized using 'CodeIgniter\Session\Handlers\FileHandler' driver.
CRITICAL - 2024-12-07 10:56:06 --> TypeError: App\Controllers\Home::index(): Return value must be of type string, none returned
[Method: GET, Route: /]
in APPPATH\Controllers\Home.php on line 27.
 1 SYSTEMPATH\CodeIgniter.php(933): App\Controllers\Home->index()
 2 SYSTEMPATH\CodeIgniter.php(509): CodeIgniter\CodeIgniter->runController()
 3 SYSTEMPATH\CodeIgniter.php(355): CodeIgniter\CodeIgniter->handleRequest()
 4 SYSTEMPATH\Boot.php(325): CodeIgniter\CodeIgniter->run()
 5 SYSTEMPATH\Boot.php(67): CodeIgniter\Boot::runCodeIgniter()
 6 FCPATH\index.php(56): CodeIgniter\Boot::bootWeb()
INFO - 2024-12-07 10:56:47 --> Session: Class initialized using 'CodeIgniter\Session\Handlers\FileHandler' driver.
INFO - 2024-12-07 10:58:02 --> Session: Class initialized using 'CodeIgniter\Session\Handlers\FileHandler' driver.
INFO - 2024-12-07 11:03:17 --> Session: Class initialized using 'CodeIgniter\Session\Handlers\FileHandler' driver.
INFO - 2024-12-07 11:03:32 --> Session: Class initialized using 'CodeIgniter\Session\Handlers\FileHandler' driver.
INFO - 2024-12-07 11:06:51 --> Session: Class initialized using 'CodeIgniter\Session\Handlers\FileHandler' driver.
INFO - 2024-12-07 11:09:29 --> Session: Class initialized using 'CodeIgniter\Session\Handlers\FileHandler' driver.
INFO - 2024-12-07 11:09:53 --> Session: Class initialized using 'CodeIgniter\Session\Handlers\FileHandler' driver.
INFO - 2024-12-07 11:13:57 --> Session: Class initialized using 'CodeIgniter\Session\Handlers\FileHandler' driver.
INFO - 2024-12-07 11:15:06 --> Session: Class initialized using 'CodeIgniter\Session\Handlers\FileHandler' driver.
INFO - 2024-12-07 11:19:36 --> Session: Class initialized using 'CodeIgniter\Session\Handlers\FileHandler' driver.
INFO - 2024-12-07 11:22:34 --> Session: Class initialized using 'CodeIgniter\Session\Handlers\FileHandler' driver.
CRITICAL - 2024-12-07 11:22:34 --> ErrorException: Undefined array key "code"
[Method: GET, Route: /]
in APPPATH\Views\layouts\admin_menu.php on line 16.
 1 APPPATH\Views\layouts\admin_menu.php(16): CodeIgniter\Debug\Exceptions->errorHandler()
 2 SYSTEMPATH\View\View.php(234): include('C:\\OSPanel\\domains\\telebot.loc\\app\\Views\\layouts\\admin_menu.php')
 3 SYSTEMPATH\View\View.php(237): CodeIgniter\View\View->CodeIgniter\View\{closure}()
 4 SYSTEMPATH\Common.php(1171): CodeIgniter\View\View->render()
 5 APPPATH\Views\templates\adminlte\index.php(219): view()
 6 SYSTEMPATH\View\View.php(234): include('C:\\OSPanel\\domains\\telebot.loc\\app\\Views\\templates\\adminlte\\index.php')
 7 SYSTEMPATH\View\View.php(237): CodeIgniter\View\View->CodeIgniter\View\{closure}()
 8 SYSTEMPATH\Common.php(1171): CodeIgniter\View\View->render()
 9 APPPATH\Controllers\BaseController.php(70): view()
10 APPPATH\Controllers\Home.php(26): App\Controllers\BaseController->render()
11 SYSTEMPATH\CodeIgniter.php(933): App\Controllers\Home->index()
12 SYSTEMPATH\CodeIgniter.php(509): CodeIgniter\CodeIgniter->runController()
13 SYSTEMPATH\CodeIgniter.php(355): CodeIgniter\CodeIgniter->handleRequest()
14 SYSTEMPATH\Boot.php(325): CodeIgniter\CodeIgniter->run()
15 SYSTEMPATH\Boot.php(67): CodeIgniter\Boot::runCodeIgniter()
16 FCPATH\index.php(56): CodeIgniter\Boot::bootWeb()
INFO - 2024-12-07 11:23:56 --> Session: Class initialized using 'CodeIgniter\Session\Handlers\FileHandler' driver.
CRITICAL - 2024-12-07 11:23:56 --> ErrorException: Undefined array key "code"
[Method: GET, Route: /]
in APPPATH\Views\layouts\admin_menu.php on line 16.
 1 APPPATH\Views\layouts\admin_menu.php(16): CodeIgniter\Debug\Exceptions->errorHandler()
 2 SYSTEMPATH\View\View.php(234): include('C:\\OSPanel\\domains\\telebot.loc\\app\\Views\\layouts\\admin_menu.php')
 3 SYSTEMPATH\View\View.php(237): CodeIgniter\View\View->CodeIgniter\View\{closure}()
 4 SYSTEMPATH\Common.php(1171): CodeIgniter\View\View->render()
 5 APPPATH\Views\templates\adminlte\index.php(219): view()
 6 SYSTEMPATH\View\View.php(234): include('C:\\OSPanel\\domains\\telebot.loc\\app\\Views\\templates\\adminlte\\index.php')
 7 SYSTEMPATH\View\View.php(237): CodeIgniter\View\View->CodeIgniter\View\{closure}()
 8 SYSTEMPATH\Common.php(1171): CodeIgniter\View\View->render()
 9 APPPATH\Controllers\BaseController.php(70): view()
10 APPPATH\Controllers\Home.php(26): App\Controllers\BaseController->render()
11 SYSTEMPATH\CodeIgniter.php(933): App\Controllers\Home->index()
12 SYSTEMPATH\CodeIgniter.php(509): CodeIgniter\CodeIgniter->runController()
13 SYSTEMPATH\CodeIgniter.php(355): CodeIgniter\CodeIgniter->handleRequest()
14 SYSTEMPATH\Boot.php(325): CodeIgniter\CodeIgniter->run()
15 SYSTEMPATH\Boot.php(67): CodeIgniter\Boot::runCodeIgniter()
16 FCPATH\index.php(56): CodeIgniter\Boot::bootWeb()
INFO - 2024-12-07 11:26:52 --> Session: Class initialized using 'CodeIgniter\Session\Handlers\FileHandler' driver.
INFO - 2024-12-07 11:32:03 --> Session: Class initialized using 'CodeIgniter\Session\Handlers\FileHandler' driver.
INFO - 2024-12-07 11:36:58 --> Session: Class initialized using 'CodeIgniter\Session\Handlers\FileHandler' driver.
INFO - 2024-12-07 11:39:32 --> Session: Class initialized using 'CodeIgniter\Session\Handlers\FileHandler' driver.
INFO - 2024-12-07 11:45:08 --> Session: Class initialized using 'CodeIgniter\Session\Handlers\FileHandler' driver.
INFO - 2024-12-07 11:47:56 --> Session: Class initialized using 'CodeIgniter\Session\Handlers\FileHandler' driver.
