CRITICAL - 2024-12-11 04:52:28 --> ErrorException: Undefined variable $posts
[Method: GET, Route: /]
in APPPATH\Views\welcome_message.php on line 13.
 1 APPPATH\Views\welcome_message.php(13): CodeIgniter\Debug\Exceptions->errorHandler()
 2 SYSTEMPATH\View\View.php(234): include('C:\\OSPanel\\domains\\telebot.loc\\app\\Views\\welcome_message.php')
 3 SYSTEMPATH\View\View.php(237): CodeIgniter\View\View->CodeIgniter\View\{closure}()
 4 SYSTEMPATH\Common.php(1171): CodeIgniter\View\View->render()
 5 APPPATH\Controllers\HomeController.php(13): view()
 6 SYSTEMPATH\CodeIgniter.php(933): App\Controllers\HomeController->index()
 7 SYSTEMPATH\CodeIgniter.php(509): CodeIgniter\CodeIgniter->runController()
 8 SYSTEMPATH\CodeIgniter.php(355): CodeIgniter\CodeIgniter->handleRequest()
 9 SYSTEMPATH\Boot.php(325): CodeIgniter\CodeIgniter->run()
10 SYSTEMPATH\Boot.php(67): CodeIgniter\Boot::runCodeIgniter()
11 FCPATH\index.php(56): CodeIgniter\Boot::bootWeb()
INFO - 2024-12-11 04:53:47 --> Session: Class initialized using 'CodeIgniter\Session\Handlers\FileHandler' driver.
INFO - 2024-12-11 04:57:54 --> Session: Class initialized using 'CodeIgniter\Session\Handlers\FileHandler' driver.
INFO - 2024-12-11 05:00:58 --> Session: Class initialized using 'CodeIgniter\Session\Handlers\FileHandler' driver.
INFO - 2024-12-11 05:03:05 --> Session: Class initialized using 'CodeIgniter\Session\Handlers\FileHandler' driver.
INFO - 2024-12-11 05:57:57 --> Session: Class initialized using 'CodeIgniter\Session\Handlers\FileHandler' driver.
INFO - 2024-12-11 05:58:26 --> Session: Class initialized using 'CodeIgniter\Session\Handlers\FileHandler' driver.
INFO - 2024-12-11 10:30:45 --> Session: Class initialized using 'CodeIgniter\Session\Handlers\FileHandler' driver.
INFO - 2024-12-11 11:49:40 --> Session: Class initialized using 'CodeIgniter\Session\Handlers\FileHandler' driver.
INFO - 2024-12-11 11:49:53 --> Session: Class initialized using 'CodeIgniter\Session\Handlers\FileHandler' driver.
INFO - 2024-12-11 11:53:59 --> Session: Class initialized using 'CodeIgniter\Session\Handlers\FileHandler' driver.
INFO - 2024-12-11 11:54:03 --> Session: Class initialized using 'CodeIgniter\Session\Handlers\FileHandler' driver.
INFO - 2024-12-11 11:55:18 --> Session: Class initialized using 'CodeIgniter\Session\Handlers\FileHandler' driver.
INFO - 2024-12-11 11:56:19 --> Session: Class initialized using 'CodeIgniter\Session\Handlers\FileHandler' driver.
CRITICAL - 2024-12-11 11:56:19 --> ErrorException: Undefined array key "route_name"
[Method: GET, Route: manager]
in APPPATH\Views\layouts\admin_menu.php on line 66.
 1 APPPATH\Views\layouts\admin_menu.php(66): CodeIgniter\Debug\Exceptions->errorHandler()
 2 SYSTEMPATH\View\View.php(234): include('C:\\OSPanel\\domains\\telebot.loc\\app\\Views\\layouts\\admin_menu.php')
 3 SYSTEMPATH\View\View.php(237): CodeIgniter\View\View->CodeIgniter\View\{closure}()
 4 SYSTEMPATH\Common.php(1171): CodeIgniter\View\View->render()
 5 APPPATH\Views\templates\adminlte\index.php(115): view()
 6 SYSTEMPATH\View\View.php(234): include('C:\\OSPanel\\domains\\telebot.loc\\app\\Views\\templates\\adminlte\\index.php')
 7 SYSTEMPATH\View\View.php(237): CodeIgniter\View\View->CodeIgniter\View\{closure}()
 8 SYSTEMPATH\Common.php(1171): CodeIgniter\View\View->render()
 9 APPPATH\Controllers\BaseController.php(104): view()
10 APPPATH\Controllers\Manager\MainController.php(50): App\Controllers\BaseController->render()
11 SYSTEMPATH\CodeIgniter.php(933): App\Controllers\Manager\MainController->index()
12 SYSTEMPATH\CodeIgniter.php(509): CodeIgniter\CodeIgniter->runController()
13 SYSTEMPATH\CodeIgniter.php(355): CodeIgniter\CodeIgniter->handleRequest()
14 SYSTEMPATH\Boot.php(325): CodeIgniter\CodeIgniter->run()
15 SYSTEMPATH\Boot.php(67): CodeIgniter\Boot::runCodeIgniter()
16 FCPATH\index.php(56): CodeIgniter\Boot::bootWeb()
INFO - 2024-12-11 11:59:10 --> Session: Class initialized using 'CodeIgniter\Session\Handlers\FileHandler' driver.
CRITICAL - 2024-12-11 11:59:15 --> Error: Class "App\Entities\ChannelEntity" not found
[Method: GET, Route: manager/Channels]
in APPPATH\Controllers\Manager\ChannelsController.php on line 20.
 1 SYSTEMPATH\CodeIgniter.php(933): App\Controllers\Manager\ChannelsController->index()
 2 SYSTEMPATH\CodeIgniter.php(509): CodeIgniter\CodeIgniter->runController()
 3 SYSTEMPATH\CodeIgniter.php(355): CodeIgniter\CodeIgniter->handleRequest()
 4 SYSTEMPATH\Boot.php(325): CodeIgniter\CodeIgniter->run()
 5 SYSTEMPATH\Boot.php(67): CodeIgniter\Boot::runCodeIgniter()
 6 FCPATH\index.php(56): CodeIgniter\Boot::bootWeb()
CRITICAL - 2024-12-11 12:02:06 --> Error: Class "App\Entities\ChannelEntity" not found
[Method: GET, Route: manager/Channels]
in APPPATH\Controllers\Manager\ChannelsController.php on line 20.
 1 SYSTEMPATH\CodeIgniter.php(933): App\Controllers\Manager\ChannelsController->index()
 2 SYSTEMPATH\CodeIgniter.php(509): CodeIgniter\CodeIgniter->runController()
 3 SYSTEMPATH\CodeIgniter.php(355): CodeIgniter\CodeIgniter->handleRequest()
 4 SYSTEMPATH\Boot.php(325): CodeIgniter\CodeIgniter->run()
 5 SYSTEMPATH\Boot.php(67): CodeIgniter\Boot::runCodeIgniter()
 6 FCPATH\index.php(56): CodeIgniter\Boot::bootWeb()
CRITICAL - 2024-12-11 12:02:41 --> Error: Class "App\Entities\ChannelEntity" not found
[Method: GET, Route: manager/Channels]
in APPPATH\Controllers\Manager\ChannelsController.php on line 20.
 1 SYSTEMPATH\CodeIgniter.php(933): App\Controllers\Manager\ChannelsController->index()
 2 SYSTEMPATH\CodeIgniter.php(509): CodeIgniter\CodeIgniter->runController()
 3 SYSTEMPATH\CodeIgniter.php(355): CodeIgniter\CodeIgniter->handleRequest()
 4 SYSTEMPATH\Boot.php(325): CodeIgniter\CodeIgniter->run()
 5 SYSTEMPATH\Boot.php(67): CodeIgniter\Boot::runCodeIgniter()
 6 FCPATH\index.php(56): CodeIgniter\Boot::bootWeb()
CRITICAL - 2024-12-11 12:07:29 --> ErrorException: Undefined variable $channels
[Method: GET, Route: manager/Channels]
in APPPATH\Views\channels.php on line 13.
 1 APPPATH\Views\channels.php(13): CodeIgniter\Debug\Exceptions->errorHandler()
 2 SYSTEMPATH\View\View.php(234): include('C:\\OSPanel\\domains\\telebot.loc\\app\\Views\\channels.php')
 3 SYSTEMPATH\View\View.php(237): CodeIgniter\View\View->CodeIgniter\View\{closure}()
 4 SYSTEMPATH\Common.php(1171): CodeIgniter\View\View->render()
 5 APPPATH\Controllers\Manager\ChannelsController.php(21): view()
 6 SYSTEMPATH\CodeIgniter.php(933): App\Controllers\Manager\ChannelsController->index()
 7 SYSTEMPATH\CodeIgniter.php(509): CodeIgniter\CodeIgniter->runController()
 8 SYSTEMPATH\CodeIgniter.php(355): CodeIgniter\CodeIgniter->handleRequest()
 9 SYSTEMPATH\Boot.php(325): CodeIgniter\CodeIgniter->run()
10 SYSTEMPATH\Boot.php(67): CodeIgniter\Boot::runCodeIgniter()
11 FCPATH\index.php(56): CodeIgniter\Boot::bootWeb()
INFO - 2024-12-11 12:08:18 --> Session: Class initialized using 'CodeIgniter\Session\Handlers\FileHandler' driver.
INFO - 2024-12-11 12:09:39 --> Session: Class initialized using 'CodeIgniter\Session\Handlers\FileHandler' driver.
INFO - 2024-12-11 12:12:55 --> Session: Class initialized using 'CodeIgniter\Session\Handlers\FileHandler' driver.
INFO - 2024-12-11 12:15:33 --> Session: Class initialized using 'CodeIgniter\Session\Handlers\FileHandler' driver.
INFO - 2024-12-11 12:22:50 --> Session: Class initialized using 'CodeIgniter\Session\Handlers\FileHandler' driver.
INFO - 2024-12-11 12:24:01 --> Session: Class initialized using 'CodeIgniter\Session\Handlers\FileHandler' driver.
INFO - 2024-12-11 12:25:14 --> Session: Class initialized using 'CodeIgniter\Session\Handlers\FileHandler' driver.
INFO - 2024-12-11 12:25:17 --> Session: Class initialized using 'CodeIgniter\Session\Handlers\FileHandler' driver.
INFO - 2024-12-11 12:26:54 --> Session: Class initialized using 'CodeIgniter\Session\Handlers\FileHandler' driver.
INFO - 2024-12-11 12:27:31 --> Session: Class initialized using 'CodeIgniter\Session\Handlers\FileHandler' driver.
INFO - 2024-12-11 12:28:04 --> Session: Class initialized using 'CodeIgniter\Session\Handlers\FileHandler' driver.
INFO - 2024-12-11 12:28:31 --> Session: Class initialized using 'CodeIgniter\Session\Handlers\FileHandler' driver.
INFO - 2024-12-11 12:31:21 --> Session: Class initialized using 'CodeIgniter\Session\Handlers\FileHandler' driver.
INFO - 2024-12-11 12:31:40 --> Session: Class initialized using 'CodeIgniter\Session\Handlers\FileHandler' driver.
INFO - 2024-12-11 12:31:53 --> Session: Class initialized using 'CodeIgniter\Session\Handlers\FileHandler' driver.
INFO - 2024-12-11 12:33:27 --> Session: Class initialized using 'CodeIgniter\Session\Handlers\FileHandler' driver.
INFO - 2024-12-11 12:36:59 --> Session: Class initialized using 'CodeIgniter\Session\Handlers\FileHandler' driver.
INFO - 2024-12-11 12:37:56 --> Session: Class initialized using 'CodeIgniter\Session\Handlers\FileHandler' driver.
INFO - 2024-12-11 12:43:41 --> Session: Class initialized using 'CodeIgniter\Session\Handlers\FileHandler' driver.
INFO - 2024-12-11 13:34:16 --> Session: Class initialized using 'CodeIgniter\Session\Handlers\FileHandler' driver.
INFO - 2024-12-11 13:34:29 --> Session: Class initialized using 'CodeIgniter\Session\Handlers\FileHandler' driver.
INFO - 2024-12-11 13:34:35 --> Session: Class initialized using 'CodeIgniter\Session\Handlers\FileHandler' driver.
INFO - 2024-12-11 13:38:42 --> Session: Class initialized using 'CodeIgniter\Session\Handlers\FileHandler' driver.
INFO - 2024-12-11 13:39:30 --> Session: Class initialized using 'CodeIgniter\Session\Handlers\FileHandler' driver.
INFO - 2024-12-11 13:43:54 --> Session: Class initialized using 'CodeIgniter\Session\Handlers\FileHandler' driver.
CRITICAL - 2024-12-11 13:56:19 --> ParseError: syntax error, unexpected token ";"
[Method: GET, Route: manager/Channels]
in APPPATH\Views\channels.php on line 61.
 1 SYSTEMPATH\View\View.php(237): CodeIgniter\View\View->CodeIgniter\View\{closure}()
 2 SYSTEMPATH\Common.php(1171): CodeIgniter\View\View->render()
 3 APPPATH\Controllers\Manager\ChannelsController.php(21): view()
 4 SYSTEMPATH\CodeIgniter.php(933): App\Controllers\Manager\ChannelsController->index()
 5 SYSTEMPATH\CodeIgniter.php(509): CodeIgniter\CodeIgniter->runController()
 6 SYSTEMPATH\CodeIgniter.php(355): CodeIgniter\CodeIgniter->handleRequest()
 7 SYSTEMPATH\Boot.php(325): CodeIgniter\CodeIgniter->run()
 8 SYSTEMPATH\Boot.php(67): CodeIgniter\Boot::runCodeIgniter()
 9 FCPATH\index.php(56): CodeIgniter\Boot::bootWeb()
INFO - 2024-12-11 13:56:58 --> Session: Class initialized using 'CodeIgniter\Session\Handlers\FileHandler' driver.
INFO - 2024-12-11 13:59:14 --> Session: Class initialized using 'CodeIgniter\Session\Handlers\FileHandler' driver.
INFO - 2024-12-11 13:59:17 --> Session: Class initialized using 'CodeIgniter\Session\Handlers\FileHandler' driver.
CRITICAL - 2024-12-11 13:59:24 --> CodeIgniter\HTTP\Exceptions\BadRequestException: The URI you submitted has disallowed characters: "{:any}"
[Method: GET, Route: manager/channels/%7B:any%7D]
in SYSTEMPATH\Router\Router.php on line 737.
 1 SYSTEMPATH\Router\Router.php(204): CodeIgniter\Router\Router->checkDisallowedChars()
 2 SYSTEMPATH\CodeIgniter.php(834): CodeIgniter\Router\Router->handle()
 3 SYSTEMPATH\CodeIgniter.php(457): CodeIgniter\CodeIgniter->tryToRouteIt()
 4 SYSTEMPATH\CodeIgniter.php(355): CodeIgniter\CodeIgniter->handleRequest()
 5 SYSTEMPATH\Boot.php(325): CodeIgniter\CodeIgniter->run()
 6 SYSTEMPATH\Boot.php(67): CodeIgniter\Boot::runCodeIgniter()
 7 FCPATH\index.php(56): CodeIgniter\Boot::bootWeb()
INFO - 2024-12-11 14:02:43 --> Session: Class initialized using 'CodeIgniter\Session\Handlers\FileHandler' driver.
INFO - 2024-12-11 14:03:45 --> Session: Class initialized using 'CodeIgniter\Session\Handlers\FileHandler' driver.
CRITICAL - 2024-12-11 14:03:53 --> CodeIgniter\HTTP\Exceptions\BadRequestException: The URI you submitted has disallowed characters: "{:any}"
[Method: GET, Route: manager/channels/%7B:any%7D/undefined]
in SYSTEMPATH\Router\Router.php on line 737.
 1 SYSTEMPATH\Router\Router.php(204): CodeIgniter\Router\Router->checkDisallowedChars()
 2 SYSTEMPATH\CodeIgniter.php(834): CodeIgniter\Router\Router->handle()
 3 SYSTEMPATH\CodeIgniter.php(457): CodeIgniter\CodeIgniter->tryToRouteIt()
 4 SYSTEMPATH\CodeIgniter.php(355): CodeIgniter\CodeIgniter->handleRequest()
 5 SYSTEMPATH\Boot.php(325): CodeIgniter\CodeIgniter->run()
 6 SYSTEMPATH\Boot.php(67): CodeIgniter\Boot::runCodeIgniter()
 7 FCPATH\index.php(56): CodeIgniter\Boot::bootWeb()
INFO - 2024-12-11 14:04:34 --> Session: Class initialized using 'CodeIgniter\Session\Handlers\FileHandler' driver.
INFO - 2024-12-11 14:04:37 --> Session: Class initialized using 'CodeIgniter\Session\Handlers\FileHandler' driver.
INFO - 2024-12-11 14:05:32 --> Session: Class initialized using 'CodeIgniter\Session\Handlers\FileHandler' driver.
INFO - 2024-12-11 14:05:52 --> Session: Class initialized using 'CodeIgniter\Session\Handlers\FileHandler' driver.
CRITICAL - 2024-12-11 14:05:55 --> CodeIgniter\HTTP\Exceptions\BadRequestException: The URI you submitted has disallowed characters: "{:any}"
[Method: GET, Route: manager/channels/%7B:any%7D/@it_nectar]
in SYSTEMPATH\Router\Router.php on line 737.
 1 SYSTEMPATH\Router\Router.php(204): CodeIgniter\Router\Router->checkDisallowedChars()
 2 SYSTEMPATH\CodeIgniter.php(834): CodeIgniter\Router\Router->handle()
 3 SYSTEMPATH\CodeIgniter.php(457): CodeIgniter\CodeIgniter->tryToRouteIt()
 4 SYSTEMPATH\CodeIgniter.php(355): CodeIgniter\CodeIgniter->handleRequest()
 5 SYSTEMPATH\Boot.php(325): CodeIgniter\CodeIgniter->run()
 6 SYSTEMPATH\Boot.php(67): CodeIgniter\Boot::runCodeIgniter()
 7 FCPATH\index.php(56): CodeIgniter\Boot::bootWeb()
CRITICAL - 2024-12-11 14:09:23 --> CodeIgniter\HTTP\Exceptions\BadRequestException: The URI you submitted has disallowed characters: "{:any}"
[Method: GET, Route: manager/channels/%7B:any%7D/@it_nectar]
in SYSTEMPATH\Router\Router.php on line 737.
 1 SYSTEMPATH\Router\Router.php(204): CodeIgniter\Router\Router->checkDisallowedChars()
 2 SYSTEMPATH\CodeIgniter.php(834): CodeIgniter\Router\Router->handle()
 3 SYSTEMPATH\CodeIgniter.php(457): CodeIgniter\CodeIgniter->tryToRouteIt()
 4 SYSTEMPATH\CodeIgniter.php(355): CodeIgniter\CodeIgniter->handleRequest()
 5 SYSTEMPATH\Boot.php(325): CodeIgniter\CodeIgniter->run()
 6 SYSTEMPATH\Boot.php(67): CodeIgniter\Boot::runCodeIgniter()
 7 FCPATH\index.php(56): CodeIgniter\Boot::bootWeb()
CRITICAL - 2024-12-11 14:09:34 --> CodeIgniter\HTTP\Exceptions\BadRequestException: The URI you submitted has disallowed characters: "{:any}"
[Method: GET, Route: manager/channels/%7B:any%7D/@it_nectar]
in SYSTEMPATH\Router\Router.php on line 737.
 1 SYSTEMPATH\Router\Router.php(204): CodeIgniter\Router\Router->checkDisallowedChars()
 2 SYSTEMPATH\CodeIgniter.php(834): CodeIgniter\Router\Router->handle()
 3 SYSTEMPATH\CodeIgniter.php(457): CodeIgniter\CodeIgniter->tryToRouteIt()
 4 SYSTEMPATH\CodeIgniter.php(355): CodeIgniter\CodeIgniter->handleRequest()
 5 SYSTEMPATH\Boot.php(325): CodeIgniter\CodeIgniter->run()
 6 SYSTEMPATH\Boot.php(67): CodeIgniter\Boot::runCodeIgniter()
 7 FCPATH\index.php(56): CodeIgniter\Boot::bootWeb()
CRITICAL - 2024-12-11 14:09:42 --> CodeIgniter\HTTP\Exceptions\BadRequestException: The URI you submitted has disallowed characters: "{:any}"
[Method: GET, Route: manager/channels/%7B:any%7D/@it_nectar]
in SYSTEMPATH\Router\Router.php on line 737.
 1 SYSTEMPATH\Router\Router.php(204): CodeIgniter\Router\Router->checkDisallowedChars()
 2 SYSTEMPATH\CodeIgniter.php(834): CodeIgniter\Router\Router->handle()
 3 SYSTEMPATH\CodeIgniter.php(457): CodeIgniter\CodeIgniter->tryToRouteIt()
 4 SYSTEMPATH\CodeIgniter.php(355): CodeIgniter\CodeIgniter->handleRequest()
 5 SYSTEMPATH\Boot.php(325): CodeIgniter\CodeIgniter->run()
 6 SYSTEMPATH\Boot.php(67): CodeIgniter\Boot::runCodeIgniter()
 7 FCPATH\index.php(56): CodeIgniter\Boot::bootWeb()
CRITICAL - 2024-12-11 14:09:52 --> CodeIgniter\HTTP\Exceptions\BadRequestException: The URI you submitted has disallowed characters: "{:any}"
[Method: GET, Route: manager/channels/%7B:any%7D/@it_nectar]
in SYSTEMPATH\Router\Router.php on line 737.
 1 SYSTEMPATH\Router\Router.php(204): CodeIgniter\Router\Router->checkDisallowedChars()
 2 SYSTEMPATH\CodeIgniter.php(834): CodeIgniter\Router\Router->handle()
 3 SYSTEMPATH\CodeIgniter.php(457): CodeIgniter\CodeIgniter->tryToRouteIt()
 4 SYSTEMPATH\CodeIgniter.php(355): CodeIgniter\CodeIgniter->handleRequest()
 5 SYSTEMPATH\Boot.php(325): CodeIgniter\CodeIgniter->run()
 6 SYSTEMPATH\Boot.php(67): CodeIgniter\Boot::runCodeIgniter()
 7 FCPATH\index.php(56): CodeIgniter\Boot::bootWeb()
CRITICAL - 2024-12-11 14:10:12 --> InvalidArgumentException: Missing argument for "(:any)" in route "manager/channels/(:any)".
[Method: GET, Route: manager/channels]
in SYSTEMPATH\Router\RouteCollection.php on line 1383.
 1 SYSTEMPATH\Router\RouteCollection.php(1204): CodeIgniter\Router\RouteCollection->buildReverseRoute()
 2 SYSTEMPATH\Common.php(953): CodeIgniter\Router\RouteCollection->reverseRoute()
 3 APPPATH\Views\channels.php(60): route_to()
 4 SYSTEMPATH\View\View.php(234): include('C:\\OSPanel\\domains\\telebot.loc\\app\\Views\\channels.php')
 5 SYSTEMPATH\View\View.php(237): CodeIgniter\View\View->CodeIgniter\View\{closure}()
 6 SYSTEMPATH\Common.php(1171): CodeIgniter\View\View->render()
 7 APPPATH\Controllers\Manager\ChannelsController.php(21): view()
 8 SYSTEMPATH\CodeIgniter.php(933): App\Controllers\Manager\ChannelsController->index()
 9 SYSTEMPATH\CodeIgniter.php(509): CodeIgniter\CodeIgniter->runController()
10 SYSTEMPATH\CodeIgniter.php(355): CodeIgniter\CodeIgniter->handleRequest()
11 SYSTEMPATH\Boot.php(325): CodeIgniter\CodeIgniter->run()
12 SYSTEMPATH\Boot.php(67): CodeIgniter\Boot::runCodeIgniter()
13 FCPATH\index.php(56): CodeIgniter\Boot::bootWeb()
INFO - 2024-12-11 14:10:15 --> Session: Class initialized using 'CodeIgniter\Session\Handlers\FileHandler' driver.
CRITICAL - 2024-12-11 14:10:17 --> InvalidArgumentException: Missing argument for "(:any)" in route "manager/channels/(:any)".
[Method: GET, Route: manager/channels]
in SYSTEMPATH\Router\RouteCollection.php on line 1383.
 1 SYSTEMPATH\Router\RouteCollection.php(1204): CodeIgniter\Router\RouteCollection->buildReverseRoute()
 2 SYSTEMPATH\Common.php(953): CodeIgniter\Router\RouteCollection->reverseRoute()
 3 APPPATH\Views\channels.php(60): route_to()
 4 SYSTEMPATH\View\View.php(234): include('C:\\OSPanel\\domains\\telebot.loc\\app\\Views\\channels.php')
 5 SYSTEMPATH\View\View.php(237): CodeIgniter\View\View->CodeIgniter\View\{closure}()
 6 SYSTEMPATH\Common.php(1171): CodeIgniter\View\View->render()
 7 APPPATH\Controllers\Manager\ChannelsController.php(21): view()
 8 SYSTEMPATH\CodeIgniter.php(933): App\Controllers\Manager\ChannelsController->index()
 9 SYSTEMPATH\CodeIgniter.php(509): CodeIgniter\CodeIgniter->runController()
10 SYSTEMPATH\CodeIgniter.php(355): CodeIgniter\CodeIgniter->handleRequest()
11 SYSTEMPATH\Boot.php(325): CodeIgniter\CodeIgniter->run()
12 SYSTEMPATH\Boot.php(67): CodeIgniter\Boot::runCodeIgniter()
13 FCPATH\index.php(56): CodeIgniter\Boot::bootWeb()
CRITICAL - 2024-12-11 14:10:20 --> InvalidArgumentException: Missing argument for "(:any)" in route "manager/channels/(:any)".
[Method: GET, Route: manager/channels]
in SYSTEMPATH\Router\RouteCollection.php on line 1383.
 1 SYSTEMPATH\Router\RouteCollection.php(1204): CodeIgniter\Router\RouteCollection->buildReverseRoute()
 2 SYSTEMPATH\Common.php(953): CodeIgniter\Router\RouteCollection->reverseRoute()
 3 APPPATH\Views\channels.php(60): route_to()
 4 SYSTEMPATH\View\View.php(234): include('C:\\OSPanel\\domains\\telebot.loc\\app\\Views\\channels.php')
 5 SYSTEMPATH\View\View.php(237): CodeIgniter\View\View->CodeIgniter\View\{closure}()
 6 SYSTEMPATH\Common.php(1171): CodeIgniter\View\View->render()
 7 APPPATH\Controllers\Manager\ChannelsController.php(21): view()
 8 SYSTEMPATH\CodeIgniter.php(933): App\Controllers\Manager\ChannelsController->index()
 9 SYSTEMPATH\CodeIgniter.php(509): CodeIgniter\CodeIgniter->runController()
10 SYSTEMPATH\CodeIgniter.php(355): CodeIgniter\CodeIgniter->handleRequest()
11 SYSTEMPATH\Boot.php(325): CodeIgniter\CodeIgniter->run()
12 SYSTEMPATH\Boot.php(67): CodeIgniter\Boot::runCodeIgniter()
13 FCPATH\index.php(56): CodeIgniter\Boot::bootWeb()
CRITICAL - 2024-12-11 14:11:06 --> InvalidArgumentException: Missing argument for "(:any)" in route "manager/channels/(:any)".
[Method: GET, Route: manager/channels]
in SYSTEMPATH\Router\RouteCollection.php on line 1383.
 1 SYSTEMPATH\Router\RouteCollection.php(1204): CodeIgniter\Router\RouteCollection->buildReverseRoute()
 2 SYSTEMPATH\Common.php(953): CodeIgniter\Router\RouteCollection->reverseRoute()
 3 APPPATH\Views\channels.php(60): route_to()
 4 SYSTEMPATH\View\View.php(234): include('C:\\OSPanel\\domains\\telebot.loc\\app\\Views\\channels.php')
 5 SYSTEMPATH\View\View.php(237): CodeIgniter\View\View->CodeIgniter\View\{closure}()
 6 SYSTEMPATH\Common.php(1171): CodeIgniter\View\View->render()
 7 APPPATH\Controllers\Manager\ChannelsController.php(21): view()
 8 SYSTEMPATH\CodeIgniter.php(933): App\Controllers\Manager\ChannelsController->index()
 9 SYSTEMPATH\CodeIgniter.php(509): CodeIgniter\CodeIgniter->runController()
10 SYSTEMPATH\CodeIgniter.php(355): CodeIgniter\CodeIgniter->handleRequest()
11 SYSTEMPATH\Boot.php(325): CodeIgniter\CodeIgniter->run()
12 SYSTEMPATH\Boot.php(67): CodeIgniter\Boot::runCodeIgniter()
13 FCPATH\index.php(56): CodeIgniter\Boot::bootWeb()
CRITICAL - 2024-12-11 14:11:09 --> InvalidArgumentException: Missing argument for "(:any)" in route "manager/channels/(:any)".
[Method: GET, Route: manager/channels]
in SYSTEMPATH\Router\RouteCollection.php on line 1383.
 1 SYSTEMPATH\Router\RouteCollection.php(1204): CodeIgniter\Router\RouteCollection->buildReverseRoute()
 2 SYSTEMPATH\Common.php(953): CodeIgniter\Router\RouteCollection->reverseRoute()
 3 APPPATH\Views\channels.php(60): route_to()
 4 SYSTEMPATH\View\View.php(234): include('C:\\OSPanel\\domains\\telebot.loc\\app\\Views\\channels.php')
 5 SYSTEMPATH\View\View.php(237): CodeIgniter\View\View->CodeIgniter\View\{closure}()
 6 SYSTEMPATH\Common.php(1171): CodeIgniter\View\View->render()
 7 APPPATH\Controllers\Manager\ChannelsController.php(21): view()
 8 SYSTEMPATH\CodeIgniter.php(933): App\Controllers\Manager\ChannelsController->index()
 9 SYSTEMPATH\CodeIgniter.php(509): CodeIgniter\CodeIgniter->runController()
10 SYSTEMPATH\CodeIgniter.php(355): CodeIgniter\CodeIgniter->handleRequest()
11 SYSTEMPATH\Boot.php(325): CodeIgniter\CodeIgniter->run()
12 SYSTEMPATH\Boot.php(67): CodeIgniter\Boot::runCodeIgniter()
13 FCPATH\index.php(56): CodeIgniter\Boot::bootWeb()
CRITICAL - 2024-12-11 14:12:45 --> InvalidArgumentException: Missing argument for "(:any)" in route "manager/channels/(:any)".
[Method: GET, Route: manager/channels]
in SYSTEMPATH\Router\RouteCollection.php on line 1383.
 1 SYSTEMPATH\Router\RouteCollection.php(1204): CodeIgniter\Router\RouteCollection->buildReverseRoute()
 2 SYSTEMPATH\Common.php(953): CodeIgniter\Router\RouteCollection->reverseRoute()
 3 APPPATH\Views\channels.php(60): route_to()
 4 SYSTEMPATH\View\View.php(234): include('C:\\OSPanel\\domains\\telebot.loc\\app\\Views\\channels.php')
 5 SYSTEMPATH\View\View.php(237): CodeIgniter\View\View->CodeIgniter\View\{closure}()
 6 SYSTEMPATH\Common.php(1171): CodeIgniter\View\View->render()
 7 APPPATH\Controllers\Manager\ChannelsController.php(21): view()
 8 SYSTEMPATH\CodeIgniter.php(933): App\Controllers\Manager\ChannelsController->index()
 9 SYSTEMPATH\CodeIgniter.php(509): CodeIgniter\CodeIgniter->runController()
10 SYSTEMPATH\CodeIgniter.php(355): CodeIgniter\CodeIgniter->handleRequest()
11 SYSTEMPATH\Boot.php(325): CodeIgniter\CodeIgniter->run()
12 SYSTEMPATH\Boot.php(67): CodeIgniter\Boot::runCodeIgniter()
13 FCPATH\index.php(56): CodeIgniter\Boot::bootWeb()
CRITICAL - 2024-12-11 14:13:47 --> InvalidArgumentException: Missing argument for "(:any)" in route "manager/channels/(:any)".
[Method: GET, Route: manager/channels]
in SYSTEMPATH\Router\RouteCollection.php on line 1383.
 1 SYSTEMPATH\Router\RouteCollection.php(1204): CodeIgniter\Router\RouteCollection->buildReverseRoute()
 2 SYSTEMPATH\Common.php(953): CodeIgniter\Router\RouteCollection->reverseRoute()
 3 APPPATH\Views\channels.php(60): route_to()
 4 SYSTEMPATH\View\View.php(234): include('C:\\OSPanel\\domains\\telebot.loc\\app\\Views\\channels.php')
 5 SYSTEMPATH\View\View.php(237): CodeIgniter\View\View->CodeIgniter\View\{closure}()
 6 SYSTEMPATH\Common.php(1171): CodeIgniter\View\View->render()
 7 APPPATH\Controllers\Manager\ChannelsController.php(21): view()
 8 SYSTEMPATH\CodeIgniter.php(933): App\Controllers\Manager\ChannelsController->index()
 9 SYSTEMPATH\CodeIgniter.php(509): CodeIgniter\CodeIgniter->runController()
10 SYSTEMPATH\CodeIgniter.php(355): CodeIgniter\CodeIgniter->handleRequest()
11 SYSTEMPATH\Boot.php(325): CodeIgniter\CodeIgniter->run()
12 SYSTEMPATH\Boot.php(67): CodeIgniter\Boot::runCodeIgniter()
13 FCPATH\index.php(56): CodeIgniter\Boot::bootWeb()
CRITICAL - 2024-12-11 14:15:53 --> InvalidArgumentException: Missing argument for "(:any)" in route "manager/channels/(:any)".
[Method: GET, Route: manager/channels]
in SYSTEMPATH\Router\RouteCollection.php on line 1383.
 1 SYSTEMPATH\Router\RouteCollection.php(1204): CodeIgniter\Router\RouteCollection->buildReverseRoute()
 2 SYSTEMPATH\Common.php(953): CodeIgniter\Router\RouteCollection->reverseRoute()
 3 APPPATH\Views\channels.php(60): route_to()
 4 SYSTEMPATH\View\View.php(234): include('C:\\OSPanel\\domains\\telebot.loc\\app\\Views\\channels.php')
 5 SYSTEMPATH\View\View.php(237): CodeIgniter\View\View->CodeIgniter\View\{closure}()
 6 SYSTEMPATH\Common.php(1171): CodeIgniter\View\View->render()
 7 APPPATH\Controllers\Manager\ChannelsController.php(21): view()
 8 SYSTEMPATH\CodeIgniter.php(933): App\Controllers\Manager\ChannelsController->index()
 9 SYSTEMPATH\CodeIgniter.php(509): CodeIgniter\CodeIgniter->runController()
10 SYSTEMPATH\CodeIgniter.php(355): CodeIgniter\CodeIgniter->handleRequest()
11 SYSTEMPATH\Boot.php(325): CodeIgniter\CodeIgniter->run()
12 SYSTEMPATH\Boot.php(67): CodeIgniter\Boot::runCodeIgniter()
13 FCPATH\index.php(56): CodeIgniter\Boot::bootWeb()
CRITICAL - 2024-12-11 14:23:05 --> InvalidArgumentException: Missing argument for "(:segment)" in route "manager/channels/(:segment)".
[Method: GET, Route: manager/channels]
in SYSTEMPATH\Router\RouteCollection.php on line 1383.
 1 SYSTEMPATH\Router\RouteCollection.php(1204): CodeIgniter\Router\RouteCollection->buildReverseRoute()
 2 SYSTEMPATH\Common.php(953): CodeIgniter\Router\RouteCollection->reverseRoute()
 3 APPPATH\Views\channels.php(60): route_to()
 4 SYSTEMPATH\View\View.php(234): include('C:\\OSPanel\\domains\\telebot.loc\\app\\Views\\channels.php')
 5 SYSTEMPATH\View\View.php(237): CodeIgniter\View\View->CodeIgniter\View\{closure}()
 6 SYSTEMPATH\Common.php(1171): CodeIgniter\View\View->render()
 7 APPPATH\Controllers\Manager\ChannelsController.php(21): view()
 8 SYSTEMPATH\CodeIgniter.php(933): App\Controllers\Manager\ChannelsController->index()
 9 SYSTEMPATH\CodeIgniter.php(509): CodeIgniter\CodeIgniter->runController()
10 SYSTEMPATH\CodeIgniter.php(355): CodeIgniter\CodeIgniter->handleRequest()
11 SYSTEMPATH\Boot.php(325): CodeIgniter\CodeIgniter->run()
12 SYSTEMPATH\Boot.php(67): CodeIgniter\Boot::runCodeIgniter()
13 FCPATH\index.php(56): CodeIgniter\Boot::bootWeb()
INFO - 2024-12-11 14:27:03 --> Session: Class initialized using 'CodeIgniter\Session\Handlers\FileHandler' driver.
INFO - 2024-12-11 16:21:31 --> Session: Class initialized using 'CodeIgniter\Session\Handlers\FileHandler' driver.
INFO - 2024-12-11 16:22:16 --> Session: Class initialized using 'CodeIgniter\Session\Handlers\FileHandler' driver.
INFO - 2024-12-11 16:22:37 --> Session: Class initialized using 'CodeIgniter\Session\Handlers\FileHandler' driver.
INFO - 2024-12-11 16:25:06 --> Session: Class initialized using 'CodeIgniter\Session\Handlers\FileHandler' driver.
INFO - 2024-12-11 16:33:01 --> Session: Class initialized using 'CodeIgniter\Session\Handlers\FileHandler' driver.
INFO - 2024-12-11 16:33:16 --> Session: Class initialized using 'CodeIgniter\Session\Handlers\FileHandler' driver.
CRITICAL - 2024-12-11 16:53:30 --> ErrorException: Undefined array key "image"
[Method: GET, Route: manager/channels/edit]
in VENDORPATH\illuminate\collections\Collection.php on line 1792.
 1 VENDORPATH\illuminate\collections\Collection.php(1792): CodeIgniter\Debug\Exceptions->errorHandler()
 2 APPPATH\Views\channel_edit.php(7): Illuminate\Support\Collection->offsetGet()
 3 SYSTEMPATH\View\View.php(234): include('C:\\OSPanel\\domains\\telebot.loc\\app\\Views\\channel_edit.php')
 4 SYSTEMPATH\View\View.php(237): CodeIgniter\View\View->CodeIgniter\View\{closure}()
 5 SYSTEMPATH\Common.php(1171): CodeIgniter\View\View->render()
 6 APPPATH\Controllers\Manager\ChannelsController.php(49): view()
 7 SYSTEMPATH\CodeIgniter.php(933): App\Controllers\Manager\ChannelsController->editChannel()
 8 SYSTEMPATH\CodeIgniter.php(509): CodeIgniter\CodeIgniter->runController()
 9 SYSTEMPATH\CodeIgniter.php(355): CodeIgniter\CodeIgniter->handleRequest()
10 SYSTEMPATH\Boot.php(325): CodeIgniter\CodeIgniter->run()
11 SYSTEMPATH\Boot.php(67): CodeIgniter\Boot::runCodeIgniter()
12 FCPATH\index.php(56): CodeIgniter\Boot::bootWeb()
CRITICAL - 2024-12-11 16:54:56 --> ErrorException: Undefined array key "fileUrl"
[Method: GET, Route: manager/channels/edit]
in VENDORPATH\illuminate\collections\Collection.php on line 1792.
 1 VENDORPATH\illuminate\collections\Collection.php(1792): CodeIgniter\Debug\Exceptions->errorHandler()
 2 APPPATH\Views\channel_edit.php(7): Illuminate\Support\Collection->offsetGet()
 3 SYSTEMPATH\View\View.php(234): include('C:\\OSPanel\\domains\\telebot.loc\\app\\Views\\channel_edit.php')
 4 SYSTEMPATH\View\View.php(237): CodeIgniter\View\View->CodeIgniter\View\{closure}()
 5 SYSTEMPATH\Common.php(1171): CodeIgniter\View\View->render()
 6 APPPATH\Controllers\Manager\ChannelsController.php(49): view()
 7 SYSTEMPATH\CodeIgniter.php(933): App\Controllers\Manager\ChannelsController->editChannel()
 8 SYSTEMPATH\CodeIgniter.php(509): CodeIgniter\CodeIgniter->runController()
 9 SYSTEMPATH\CodeIgniter.php(355): CodeIgniter\CodeIgniter->handleRequest()
10 SYSTEMPATH\Boot.php(325): CodeIgniter\CodeIgniter->run()
11 SYSTEMPATH\Boot.php(67): CodeIgniter\Boot::runCodeIgniter()
12 FCPATH\index.php(56): CodeIgniter\Boot::bootWeb()
INFO - 2024-12-11 16:55:55 --> Session: Class initialized using 'CodeIgniter\Session\Handlers\FileHandler' driver.
INFO - 2024-12-11 16:57:20 --> Session: Class initialized using 'CodeIgniter\Session\Handlers\FileHandler' driver.
INFO - 2024-12-11 16:58:07 --> Session: Class initialized using 'CodeIgniter\Session\Handlers\FileHandler' driver.
INFO - 2024-12-11 16:59:32 --> Session: Class initialized using 'CodeIgniter\Session\Handlers\FileHandler' driver.
INFO - 2024-12-11 17:04:08 --> Session: Class initialized using 'CodeIgniter\Session\Handlers\FileHandler' driver.
INFO - 2024-12-11 17:07:50 --> Session: Class initialized using 'CodeIgniter\Session\Handlers\FileHandler' driver.
INFO - 2024-12-11 17:10:22 --> Session: Class initialized using 'CodeIgniter\Session\Handlers\FileHandler' driver.
INFO - 2024-12-11 17:12:11 --> Session: Class initialized using 'CodeIgniter\Session\Handlers\FileHandler' driver.
INFO - 2024-12-11 17:12:37 --> Session: Class initialized using 'CodeIgniter\Session\Handlers\FileHandler' driver.
INFO - 2024-12-11 17:13:26 --> Session: Class initialized using 'CodeIgniter\Session\Handlers\FileHandler' driver.
INFO - 2024-12-11 17:14:15 --> Session: Class initialized using 'CodeIgniter\Session\Handlers\FileHandler' driver.
INFO - 2024-12-11 17:22:47 --> Session: Class initialized using 'CodeIgniter\Session\Handlers\FileHandler' driver.
INFO - 2024-12-11 17:25:20 --> Session: Class initialized using 'CodeIgniter\Session\Handlers\FileHandler' driver.
INFO - 2024-12-11 17:25:35 --> Session: Class initialized using 'CodeIgniter\Session\Handlers\FileHandler' driver.
INFO - 2024-12-11 17:27:08 --> Session: Class initialized using 'CodeIgniter\Session\Handlers\FileHandler' driver.
INFO - 2024-12-11 17:27:32 --> Session: Class initialized using 'CodeIgniter\Session\Handlers\FileHandler' driver.
INFO - 2024-12-11 17:28:08 --> Session: Class initialized using 'CodeIgniter\Session\Handlers\FileHandler' driver.
INFO - 2024-12-11 17:29:26 --> Session: Class initialized using 'CodeIgniter\Session\Handlers\FileHandler' driver.
CRITICAL - 2024-12-11 17:29:51 --> ErrorException: Undefined array key "channel"
[Method: GET, Route: manager/channels/edit]
in APPPATH\Controllers\Manager\ChannelsController.php on line 32.
 1 APPPATH\Controllers\Manager\ChannelsController.php(32): CodeIgniter\Debug\Exceptions->errorHandler()
 2 SYSTEMPATH\CodeIgniter.php(933): App\Controllers\Manager\ChannelsController->editChannel()
 3 SYSTEMPATH\CodeIgniter.php(509): CodeIgniter\CodeIgniter->runController()
 4 SYSTEMPATH\CodeIgniter.php(355): CodeIgniter\CodeIgniter->handleRequest()
 5 SYSTEMPATH\Boot.php(325): CodeIgniter\CodeIgniter->run()
 6 SYSTEMPATH\Boot.php(67): CodeIgniter\Boot::runCodeIgniter()
 7 FCPATH\index.php(56): CodeIgniter\Boot::bootWeb()
INFO - 2024-12-11 17:30:11 --> Session: Class initialized using 'CodeIgniter\Session\Handlers\FileHandler' driver.
CRITICAL - 2024-12-11 17:30:18 --> ErrorException: Undefined array key "channel"
[Method: GET, Route: manager/channels/edit]
in APPPATH\Controllers\Manager\ChannelsController.php on line 32.
 1 APPPATH\Controllers\Manager\ChannelsController.php(32): CodeIgniter\Debug\Exceptions->errorHandler()
 2 SYSTEMPATH\CodeIgniter.php(933): App\Controllers\Manager\ChannelsController->editChannel()
 3 SYSTEMPATH\CodeIgniter.php(509): CodeIgniter\CodeIgniter->runController()
 4 SYSTEMPATH\CodeIgniter.php(355): CodeIgniter\CodeIgniter->handleRequest()
 5 SYSTEMPATH\Boot.php(325): CodeIgniter\CodeIgniter->run()
 6 SYSTEMPATH\Boot.php(67): CodeIgniter\Boot::runCodeIgniter()
 7 FCPATH\index.php(56): CodeIgniter\Boot::bootWeb()
INFO - 2024-12-11 17:31:36 --> Session: Class initialized using 'CodeIgniter\Session\Handlers\FileHandler' driver.
CRITICAL - 2024-12-11 17:31:41 --> Error: Call to undefined function App\Controllers\Manager\redirect_to()
[Method: GET, Route: manager/channels/edit]
in APPPATH\Controllers\Manager\ChannelsController.php on line 30.
 1 SYSTEMPATH\CodeIgniter.php(933): App\Controllers\Manager\ChannelsController->editChannel()
 2 SYSTEMPATH\CodeIgniter.php(509): CodeIgniter\CodeIgniter->runController()
 3 SYSTEMPATH\CodeIgniter.php(355): CodeIgniter\CodeIgniter->handleRequest()
 4 SYSTEMPATH\Boot.php(325): CodeIgniter\CodeIgniter->run()
 5 SYSTEMPATH\Boot.php(67): CodeIgniter\Boot::runCodeIgniter()
 6 FCPATH\index.php(56): CodeIgniter\Boot::bootWeb()
INFO - 2024-12-11 17:33:31 --> Session: Class initialized using 'CodeIgniter\Session\Handlers\FileHandler' driver.
CRITICAL - 2024-12-11 17:33:34 --> ErrorException: Undefined array key "channel"
[Method: GET, Route: manager/channels/edit]
in APPPATH\Controllers\Manager\ChannelsController.php on line 32.
 1 APPPATH\Controllers\Manager\ChannelsController.php(32): CodeIgniter\Debug\Exceptions->errorHandler()
 2 SYSTEMPATH\CodeIgniter.php(933): App\Controllers\Manager\ChannelsController->editChannel()
 3 SYSTEMPATH\CodeIgniter.php(509): CodeIgniter\CodeIgniter->runController()
 4 SYSTEMPATH\CodeIgniter.php(355): CodeIgniter\CodeIgniter->handleRequest()
 5 SYSTEMPATH\Boot.php(325): CodeIgniter\CodeIgniter->run()
 6 SYSTEMPATH\Boot.php(67): CodeIgniter\Boot::runCodeIgniter()
 7 FCPATH\index.php(56): CodeIgniter\Boot::bootWeb()
INFO - 2024-12-11 17:34:10 --> Session: Class initialized using 'CodeIgniter\Session\Handlers\FileHandler' driver.
CRITICAL - 2024-12-11 17:36:22 --> ErrorException: Undefined array key "channel"
[Method: GET, Route: manager/channels/edit]
in APPPATH\Controllers\Manager\ChannelsController.php on line 35.
 1 APPPATH\Controllers\Manager\ChannelsController.php(35): CodeIgniter\Debug\Exceptions->errorHandler()
 2 SYSTEMPATH\CodeIgniter.php(933): App\Controllers\Manager\ChannelsController->editChannel()
 3 SYSTEMPATH\CodeIgniter.php(509): CodeIgniter\CodeIgniter->runController()
 4 SYSTEMPATH\CodeIgniter.php(355): CodeIgniter\CodeIgniter->handleRequest()
 5 SYSTEMPATH\Boot.php(325): CodeIgniter\CodeIgniter->run()
 6 SYSTEMPATH\Boot.php(67): CodeIgniter\Boot::runCodeIgniter()
 7 FCPATH\index.php(56): CodeIgniter\Boot::bootWeb()
INFO - 2024-12-11 17:36:45 --> Session: Class initialized using 'CodeIgniter\Session\Handlers\FileHandler' driver.
INFO - 2024-12-11 17:36:51 --> Session: Class initialized using 'CodeIgniter\Session\Handlers\FileHandler' driver.
INFO - 2024-12-11 17:36:54 --> Session: Class initialized using 'CodeIgniter\Session\Handlers\FileHandler' driver.
INFO - 2024-12-11 17:37:02 --> Session: Class initialized using 'CodeIgniter\Session\Handlers\FileHandler' driver.
INFO - 2024-12-11 17:37:16 --> Session: Class initialized using 'CodeIgniter\Session\Handlers\FileHandler' driver.
INFO - 2024-12-11 17:54:19 --> Session: Class initialized using 'CodeIgniter\Session\Handlers\FileHandler' driver.
INFO - 2024-12-11 18:10:04 --> Session: Class initialized using 'CodeIgniter\Session\Handlers\FileHandler' driver.
CRITICAL - 2024-12-11 18:10:08 --> Telegram\Bot\Exceptions\TelegramResponseException: Bad Request: chat_id is empty
[Method: GET, Route: manager/channels/edit]
in VENDORPATH\irazasyed\telegram-bot-sdk\src\Exceptions\TelegramResponseException.php on line 59.
 1 VENDORPATH\irazasyed\telegram-bot-sdk\src\TelegramResponse.php(96): Telegram\Bot\Exceptions\TelegramResponseException::create()
 2 VENDORPATH\irazasyed\telegram-bot-sdk\src\TelegramResponse.php(79): Telegram\Bot\TelegramResponse->makeException()
 3 VENDORPATH\irazasyed\telegram-bot-sdk\src\TelegramResponse.php(49): Telegram\Bot\TelegramResponse->decodeBody()
 4 VENDORPATH\irazasyed\telegram-bot-sdk\src\TelegramClient.php(122): Telegram\Bot\TelegramResponse->__construct()
 5 VENDORPATH\irazasyed\telegram-bot-sdk\src\TelegramClient.php(50): Telegram\Bot\TelegramClient->getResponse()
 6 VENDORPATH\irazasyed\telegram-bot-sdk\src\Traits\Http.php(152): Telegram\Bot\TelegramClient->sendRequest()
 7 VENDORPATH\irazasyed\telegram-bot-sdk\src\Traits\Http.php(128): Telegram\Bot\Api->sendRequest()
 8 VENDORPATH\irazasyed\telegram-bot-sdk\src\Methods\Chat.php(569): Telegram\Bot\Api->get()
 9 APPPATH\Controllers\Manager\ChannelsController.php(45): Telegram\Bot\Api->getChat()
10 SYSTEMPATH\CodeIgniter.php(933): App\Controllers\Manager\ChannelsController->editChannel()
11 SYSTEMPATH\CodeIgniter.php(509): CodeIgniter\CodeIgniter->runController()
12 SYSTEMPATH\CodeIgniter.php(355): CodeIgniter\CodeIgniter->handleRequest()
13 SYSTEMPATH\Boot.php(325): CodeIgniter\CodeIgniter->run()
14 SYSTEMPATH\Boot.php(67): CodeIgniter\Boot::runCodeIgniter()
15 FCPATH\index.php(56): CodeIgniter\Boot::bootWeb()
CRITICAL - 2024-12-11 18:10:08 --> [Caused by] Telegram\Bot\Exceptions\TelegramOtherException: Bad Request: chat_id is empty
in VENDORPATH\irazasyed\telegram-bot-sdk\src\Exceptions\TelegramResponseException.php on line 59.
 1 VENDORPATH\irazasyed\telegram-bot-sdk\src\TelegramResponse.php(96): Telegram\Bot\Exceptions\TelegramResponseException::create()
 2 VENDORPATH\irazasyed\telegram-bot-sdk\src\TelegramResponse.php(79): Telegram\Bot\TelegramResponse->makeException()
 3 VENDORPATH\irazasyed\telegram-bot-sdk\src\TelegramResponse.php(49): Telegram\Bot\TelegramResponse->decodeBody()
 4 VENDORPATH\irazasyed\telegram-bot-sdk\src\TelegramClient.php(122): Telegram\Bot\TelegramResponse->__construct()
 5 VENDORPATH\irazasyed\telegram-bot-sdk\src\TelegramClient.php(50): Telegram\Bot\TelegramClient->getResponse()
 6 VENDORPATH\irazasyed\telegram-bot-sdk\src\Traits\Http.php(152): Telegram\Bot\TelegramClient->sendRequest()
 7 VENDORPATH\irazasyed\telegram-bot-sdk\src\Traits\Http.php(128): Telegram\Bot\Api->sendRequest()
 8 VENDORPATH\irazasyed\telegram-bot-sdk\src\Methods\Chat.php(569): Telegram\Bot\Api->get()
 9 APPPATH\Controllers\Manager\ChannelsController.php(45): Telegram\Bot\Api->getChat()
10 SYSTEMPATH\CodeIgniter.php(933): App\Controllers\Manager\ChannelsController->editChannel()
11 SYSTEMPATH\CodeIgniter.php(509): CodeIgniter\CodeIgniter->runController()
12 SYSTEMPATH\CodeIgniter.php(355): CodeIgniter\CodeIgniter->handleRequest()
13 SYSTEMPATH\Boot.php(325): CodeIgniter\CodeIgniter->run()
14 SYSTEMPATH\Boot.php(67): CodeIgniter\Boot::runCodeIgniter()
15 FCPATH\index.php(56): CodeIgniter\Boot::bootWeb()
CRITICAL - 2024-12-11 18:12:25 --> TypeError: App\Entities\ChannelEntity::getChannelUsername(): Return value must be of type array, string returned
[Method: GET, Route: manager/channels/edit]
in APPPATH\Entities\ChannelEntity.php on line 24.
 1 APPPATH\Controllers\Manager\ChannelsController.php(38): App\Entities\ChannelEntity->getChannelUsername()
 2 SYSTEMPATH\CodeIgniter.php(933): App\Controllers\Manager\ChannelsController->editChannel()
 3 SYSTEMPATH\CodeIgniter.php(509): CodeIgniter\CodeIgniter->runController()
 4 SYSTEMPATH\CodeIgniter.php(355): CodeIgniter\CodeIgniter->handleRequest()
 5 SYSTEMPATH\Boot.php(325): CodeIgniter\CodeIgniter->run()
 6 SYSTEMPATH\Boot.php(67): CodeIgniter\Boot::runCodeIgniter()
 7 FCPATH\index.php(56): CodeIgniter\Boot::bootWeb()
INFO - 2024-12-11 18:12:57 --> Session: Class initialized using 'CodeIgniter\Session\Handlers\FileHandler' driver.
INFO - 2024-12-11 18:28:43 --> Session: Class initialized using 'CodeIgniter\Session\Handlers\FileHandler' driver.
CRITICAL - 2024-12-11 18:28:56 --> Error: Call to undefined method App\Entities\ChannelEntity::saveChannel()
[Method: POST, Route: manager/channels/edit]
in APPPATH\Controllers\Manager\ChannelsController.php on line 74.
 1 SYSTEMPATH\CodeIgniter.php(933): App\Controllers\Manager\ChannelsController->saveChannel()
 2 SYSTEMPATH\CodeIgniter.php(509): CodeIgniter\CodeIgniter->runController()
 3 SYSTEMPATH\CodeIgniter.php(355): CodeIgniter\CodeIgniter->handleRequest()
 4 SYSTEMPATH\Boot.php(325): CodeIgniter\CodeIgniter->run()
 5 SYSTEMPATH\Boot.php(67): CodeIgniter\Boot::runCodeIgniter()
 6 FCPATH\index.php(56): CodeIgniter\Boot::bootWeb()
INFO - 2024-12-11 18:29:51 --> Session: Class initialized using 'CodeIgniter\Session\Handlers\FileHandler' driver.
INFO - 2024-12-11 18:29:56 --> Session: Class initialized using 'CodeIgniter\Session\Handlers\FileHandler' driver.
INFO - 2024-12-11 18:34:23 --> Session: Class initialized using 'CodeIgniter\Session\Handlers\FileHandler' driver.
INFO - 2024-12-11 18:39:31 --> Session: Class initialized using 'CodeIgniter\Session\Handlers\FileHandler' driver.
INFO - 2024-12-11 18:40:20 --> Session: Class initialized using 'CodeIgniter\Session\Handlers\FileHandler' driver.
INFO - 2024-12-11 18:40:40 --> Session: Class initialized using 'CodeIgniter\Session\Handlers\FileHandler' driver.
INFO - 2024-12-11 18:40:53 --> Session: Class initialized using 'CodeIgniter\Session\Handlers\FileHandler' driver.
INFO - 2024-12-11 18:46:08 --> Session: Class initialized using 'CodeIgniter\Session\Handlers\FileHandler' driver.
INFO - 2024-12-11 18:54:55 --> Session: Class initialized using 'CodeIgniter\Session\Handlers\FileHandler' driver.
CRITICAL - 2024-12-11 18:55:04 --> ErrorException: Undefined array key "usernamr"
[Method: POST, Route: manager/channels/edit]
in APPPATH\Entities\ChannelEntity.php on line 58.
 1 APPPATH\Entities\ChannelEntity.php(58): CodeIgniter\Debug\Exceptions->errorHandler()
 2 APPPATH\Controllers\Manager\ChannelsController.php(74): App\Entities\ChannelEntity->saveChannel()
 3 SYSTEMPATH\CodeIgniter.php(933): App\Controllers\Manager\ChannelsController->saveChannel()
 4 SYSTEMPATH\CodeIgniter.php(509): CodeIgniter\CodeIgniter->runController()
 5 SYSTEMPATH\CodeIgniter.php(355): CodeIgniter\CodeIgniter->handleRequest()
 6 SYSTEMPATH\Boot.php(325): CodeIgniter\CodeIgniter->run()
 7 SYSTEMPATH\Boot.php(67): CodeIgniter\Boot::runCodeIgniter()
 8 FCPATH\index.php(56): CodeIgniter\Boot::bootWeb()
CRITICAL - 2024-12-11 18:55:41 --> Telegram\Bot\Exceptions\TelegramResponseException: Bad Request: chat not found
[Method: POST, Route: manager/channels/edit]
in VENDORPATH\irazasyed\telegram-bot-sdk\src\Exceptions\TelegramResponseException.php on line 59.
 1 VENDORPATH\irazasyed\telegram-bot-sdk\src\TelegramResponse.php(96): Telegram\Bot\Exceptions\TelegramResponseException::create()
 2 VENDORPATH\irazasyed\telegram-bot-sdk\src\TelegramResponse.php(79): Telegram\Bot\TelegramResponse->makeException()
 3 VENDORPATH\irazasyed\telegram-bot-sdk\src\TelegramResponse.php(49): Telegram\Bot\TelegramResponse->decodeBody()
 4 VENDORPATH\irazasyed\telegram-bot-sdk\src\TelegramClient.php(122): Telegram\Bot\TelegramResponse->__construct()
 5 VENDORPATH\irazasyed\telegram-bot-sdk\src\TelegramClient.php(50): Telegram\Bot\TelegramClient->getResponse()
 6 VENDORPATH\irazasyed\telegram-bot-sdk\src\Traits\Http.php(152): Telegram\Bot\TelegramClient->sendRequest()
 7 VENDORPATH\irazasyed\telegram-bot-sdk\src\Traits\Http.php(269): Telegram\Bot\Api->sendRequest()
 8 VENDORPATH\irazasyed\telegram-bot-sdk\src\Methods\Chat.php(271): Telegram\Bot\Api->post()
 9 APPPATH\Entities\ChannelEntity.php(58): Telegram\Bot\Api->setChatTitle()
10 APPPATH\Controllers\Manager\ChannelsController.php(74): App\Entities\ChannelEntity->saveChannel()
11 SYSTEMPATH\CodeIgniter.php(933): App\Controllers\Manager\ChannelsController->saveChannel()
12 SYSTEMPATH\CodeIgniter.php(509): CodeIgniter\CodeIgniter->runController()
13 SYSTEMPATH\CodeIgniter.php(355): CodeIgniter\CodeIgniter->handleRequest()
14 SYSTEMPATH\Boot.php(325): CodeIgniter\CodeIgniter->run()
15 SYSTEMPATH\Boot.php(67): CodeIgniter\Boot::runCodeIgniter()
16 FCPATH\index.php(56): CodeIgniter\Boot::bootWeb()
CRITICAL - 2024-12-11 18:55:41 --> [Caused by] Telegram\Bot\Exceptions\TelegramOtherException: Bad Request: chat not found
in VENDORPATH\irazasyed\telegram-bot-sdk\src\Exceptions\TelegramResponseException.php on line 59.
 1 VENDORPATH\irazasyed\telegram-bot-sdk\src\TelegramResponse.php(96): Telegram\Bot\Exceptions\TelegramResponseException::create()
 2 VENDORPATH\irazasyed\telegram-bot-sdk\src\TelegramResponse.php(79): Telegram\Bot\TelegramResponse->makeException()
 3 VENDORPATH\irazasyed\telegram-bot-sdk\src\TelegramResponse.php(49): Telegram\Bot\TelegramResponse->decodeBody()
 4 VENDORPATH\irazasyed\telegram-bot-sdk\src\TelegramClient.php(122): Telegram\Bot\TelegramResponse->__construct()
 5 VENDORPATH\irazasyed\telegram-bot-sdk\src\TelegramClient.php(50): Telegram\Bot\TelegramClient->getResponse()
 6 VENDORPATH\irazasyed\telegram-bot-sdk\src\Traits\Http.php(152): Telegram\Bot\TelegramClient->sendRequest()
 7 VENDORPATH\irazasyed\telegram-bot-sdk\src\Traits\Http.php(269): Telegram\Bot\Api->sendRequest()
 8 VENDORPATH\irazasyed\telegram-bot-sdk\src\Methods\Chat.php(271): Telegram\Bot\Api->post()
 9 APPPATH\Entities\ChannelEntity.php(58): Telegram\Bot\Api->setChatTitle()
10 APPPATH\Controllers\Manager\ChannelsController.php(74): App\Entities\ChannelEntity->saveChannel()
11 SYSTEMPATH\CodeIgniter.php(933): App\Controllers\Manager\ChannelsController->saveChannel()
12 SYSTEMPATH\CodeIgniter.php(509): CodeIgniter\CodeIgniter->runController()
13 SYSTEMPATH\CodeIgniter.php(355): CodeIgniter\CodeIgniter->handleRequest()
14 SYSTEMPATH\Boot.php(325): CodeIgniter\CodeIgniter->run()
15 SYSTEMPATH\Boot.php(67): CodeIgniter\Boot::runCodeIgniter()
16 FCPATH\index.php(56): CodeIgniter\Boot::bootWeb()
INFO - 2024-12-11 18:58:32 --> Session: Class initialized using 'CodeIgniter\Session\Handlers\FileHandler' driver.
INFO - 2024-12-11 19:01:32 --> Session: Class initialized using 'CodeIgniter\Session\Handlers\FileHandler' driver.
INFO - 2024-12-11 19:01:41 --> Session: Class initialized using 'CodeIgniter\Session\Handlers\FileHandler' driver.
INFO - 2024-12-11 19:04:29 --> Session: Class initialized using 'CodeIgniter\Session\Handlers\FileHandler' driver.
INFO - 2024-12-11 19:05:04 --> Session: Class initialized using 'CodeIgniter\Session\Handlers\FileHandler' driver.
INFO - 2024-12-11 19:10:54 --> Session: Class initialized using 'CodeIgniter\Session\Handlers\FileHandler' driver.
INFO - 2024-12-11 19:12:18 --> Session: Class initialized using 'CodeIgniter\Session\Handlers\FileHandler' driver.
