INFO - 2024-12-15 09:32:20 --> Session: Class initialized using 'CodeIgniter\Session\Handlers\FileHandler' driver.
INFO - 2024-12-15 09:45:26 --> Session: Class initialized using 'CodeIgniter\Session\Handlers\FileHandler' driver.
INFO - 2024-12-15 09:50:10 --> Session: Class initialized using 'CodeIgniter\Session\Handlers\FileHandler' driver.
INFO - 2024-12-15 09:50:23 --> Session: Class initialized using 'CodeIgniter\Session\Handlers\FileHandler' driver.
INFO - 2024-12-15 09:50:37 --> Session: Class initialized using 'CodeIgniter\Session\Handlers\FileHandler' driver.
INFO - 2024-12-15 09:52:09 --> Session: Class initialized using 'CodeIgniter\Session\Handlers\FileHandler' driver.
INFO - 2024-12-15 09:53:20 --> Session: Class initialized using 'CodeIgniter\Session\Handlers\FileHandler' driver.
INFO - 2024-12-15 09:53:40 --> Session: Class initialized using 'CodeIgniter\Session\Handlers\FileHandler' driver.
CRITICAL - 2024-12-15 09:53:46 --> Telegram\Bot\Exceptions\TelegramResponseException: Bad Request: chat description is not modified
[Method: POST, Route: manager/channels/edit]
in VENDORPATH\irazasyed\telegram-bot-sdk\src\Exceptions\TelegramResponseException.php on line 59.
 1 VENDORPATH\irazasyed\telegram-bot-sdk\src\TelegramResponse.php(96): Telegram\Bot\Exceptions\TelegramResponseException::create()
 2 VENDORPATH\irazasyed\telegram-bot-sdk\src\TelegramResponse.php(79): Telegram\Bot\TelegramResponse->makeException()
 3 VENDORPATH\irazasyed\telegram-bot-sdk\src\TelegramResponse.php(49): Telegram\Bot\TelegramResponse->decodeBody()
 4 VENDORPATH\irazasyed\telegram-bot-sdk\src\TelegramClient.php(122): Telegram\Bot\TelegramResponse->__construct()
 5 VENDORPATH\irazasyed\telegram-bot-sdk\src\TelegramClient.php(50): Telegram\Bot\TelegramClient->getResponse()
 6 VENDORPATH\irazasyed\telegram-bot-sdk\src\Traits\Http.php(152): Telegram\Bot\TelegramClient->sendRequest()
 7 VENDORPATH\irazasyed\telegram-bot-sdk\src\Traits\Http.php(269): Telegram\Bot\Api->sendRequest()
 8 VENDORPATH\irazasyed\telegram-bot-sdk\src\Methods\Chat.php(292): Telegram\Bot\Api->post()
 9 APPPATH\Entities\ChannelEntity.php(72): Telegram\Bot\Api->setChatDescription()
10 APPPATH\Controllers\Manager\ChannelsController.php(85): App\Entities\ChannelEntity->saveChannel()
11 SYSTEMPATH\CodeIgniter.php(933): App\Controllers\Manager\ChannelsController->saveChannel()
12 SYSTEMPATH\CodeIgniter.php(509): CodeIgniter\CodeIgniter->runController()
13 SYSTEMPATH\CodeIgniter.php(355): CodeIgniter\CodeIgniter->handleRequest()
14 SYSTEMPATH\Boot.php(325): CodeIgniter\CodeIgniter->run()
15 SYSTEMPATH\Boot.php(67): CodeIgniter\Boot::runCodeIgniter()
16 FCPATH\index.php(56): CodeIgniter\Boot::bootWeb()
CRITICAL - 2024-12-15 09:53:46 --> [Caused by] Telegram\Bot\Exceptions\TelegramOtherException: Bad Request: chat description is not modified
in VENDORPATH\irazasyed\telegram-bot-sdk\src\Exceptions\TelegramResponseException.php on line 59.
 1 VENDORPATH\irazasyed\telegram-bot-sdk\src\TelegramResponse.php(96): Telegram\Bot\Exceptions\TelegramResponseException::create()
 2 VENDORPATH\irazasyed\telegram-bot-sdk\src\TelegramResponse.php(79): Telegram\Bot\TelegramResponse->makeException()
 3 VENDORPATH\irazasyed\telegram-bot-sdk\src\TelegramResponse.php(49): Telegram\Bot\TelegramResponse->decodeBody()
 4 VENDORPATH\irazasyed\telegram-bot-sdk\src\TelegramClient.php(122): Telegram\Bot\TelegramResponse->__construct()
 5 VENDORPATH\irazasyed\telegram-bot-sdk\src\TelegramClient.php(50): Telegram\Bot\TelegramClient->getResponse()
 6 VENDORPATH\irazasyed\telegram-bot-sdk\src\Traits\Http.php(152): Telegram\Bot\TelegramClient->sendRequest()
 7 VENDORPATH\irazasyed\telegram-bot-sdk\src\Traits\Http.php(269): Telegram\Bot\Api->sendRequest()
 8 VENDORPATH\irazasyed\telegram-bot-sdk\src\Methods\Chat.php(292): Telegram\Bot\Api->post()
 9 APPPATH\Entities\ChannelEntity.php(72): Telegram\Bot\Api->setChatDescription()
10 APPPATH\Controllers\Manager\ChannelsController.php(85): App\Entities\ChannelEntity->saveChannel()
11 SYSTEMPATH\CodeIgniter.php(933): App\Controllers\Manager\ChannelsController->saveChannel()
12 SYSTEMPATH\CodeIgniter.php(509): CodeIgniter\CodeIgniter->runController()
13 SYSTEMPATH\CodeIgniter.php(355): CodeIgniter\CodeIgniter->handleRequest()
14 SYSTEMPATH\Boot.php(325): CodeIgniter\CodeIgniter->run()
15 SYSTEMPATH\Boot.php(67): CodeIgniter\Boot::runCodeIgniter()
16 FCPATH\index.php(56): CodeIgniter\Boot::bootWeb()
CRITICAL - 2024-12-15 09:54:11 --> Telegram\Bot\Exceptions\TelegramResponseException: Bad Request: chat description is not modified
[Method: POST, Route: manager/channels/edit]
in VENDORPATH\irazasyed\telegram-bot-sdk\src\Exceptions\TelegramResponseException.php on line 59.
 1 VENDORPATH\irazasyed\telegram-bot-sdk\src\TelegramResponse.php(96): Telegram\Bot\Exceptions\TelegramResponseException::create()
 2 VENDORPATH\irazasyed\telegram-bot-sdk\src\TelegramResponse.php(79): Telegram\Bot\TelegramResponse->makeException()
 3 VENDORPATH\irazasyed\telegram-bot-sdk\src\TelegramResponse.php(49): Telegram\Bot\TelegramResponse->decodeBody()
 4 VENDORPATH\irazasyed\telegram-bot-sdk\src\TelegramClient.php(122): Telegram\Bot\TelegramResponse->__construct()
 5 VENDORPATH\irazasyed\telegram-bot-sdk\src\TelegramClient.php(50): Telegram\Bot\TelegramClient->getResponse()
 6 VENDORPATH\irazasyed\telegram-bot-sdk\src\Traits\Http.php(152): Telegram\Bot\TelegramClient->sendRequest()
 7 VENDORPATH\irazasyed\telegram-bot-sdk\src\Traits\Http.php(269): Telegram\Bot\Api->sendRequest()
 8 VENDORPATH\irazasyed\telegram-bot-sdk\src\Methods\Chat.php(292): Telegram\Bot\Api->post()
 9 APPPATH\Entities\ChannelEntity.php(72): Telegram\Bot\Api->setChatDescription()
10 APPPATH\Controllers\Manager\ChannelsController.php(85): App\Entities\ChannelEntity->saveChannel()
11 SYSTEMPATH\CodeIgniter.php(933): App\Controllers\Manager\ChannelsController->saveChannel()
12 SYSTEMPATH\CodeIgniter.php(509): CodeIgniter\CodeIgniter->runController()
13 SYSTEMPATH\CodeIgniter.php(355): CodeIgniter\CodeIgniter->handleRequest()
14 SYSTEMPATH\Boot.php(325): CodeIgniter\CodeIgniter->run()
15 SYSTEMPATH\Boot.php(67): CodeIgniter\Boot::runCodeIgniter()
16 FCPATH\index.php(56): CodeIgniter\Boot::bootWeb()
CRITICAL - 2024-12-15 09:54:11 --> [Caused by] Telegram\Bot\Exceptions\TelegramOtherException: Bad Request: chat description is not modified
in VENDORPATH\irazasyed\telegram-bot-sdk\src\Exceptions\TelegramResponseException.php on line 59.
 1 VENDORPATH\irazasyed\telegram-bot-sdk\src\TelegramResponse.php(96): Telegram\Bot\Exceptions\TelegramResponseException::create()
 2 VENDORPATH\irazasyed\telegram-bot-sdk\src\TelegramResponse.php(79): Telegram\Bot\TelegramResponse->makeException()
 3 VENDORPATH\irazasyed\telegram-bot-sdk\src\TelegramResponse.php(49): Telegram\Bot\TelegramResponse->decodeBody()
 4 VENDORPATH\irazasyed\telegram-bot-sdk\src\TelegramClient.php(122): Telegram\Bot\TelegramResponse->__construct()
 5 VENDORPATH\irazasyed\telegram-bot-sdk\src\TelegramClient.php(50): Telegram\Bot\TelegramClient->getResponse()
 6 VENDORPATH\irazasyed\telegram-bot-sdk\src\Traits\Http.php(152): Telegram\Bot\TelegramClient->sendRequest()
 7 VENDORPATH\irazasyed\telegram-bot-sdk\src\Traits\Http.php(269): Telegram\Bot\Api->sendRequest()
 8 VENDORPATH\irazasyed\telegram-bot-sdk\src\Methods\Chat.php(292): Telegram\Bot\Api->post()
 9 APPPATH\Entities\ChannelEntity.php(72): Telegram\Bot\Api->setChatDescription()
10 APPPATH\Controllers\Manager\ChannelsController.php(85): App\Entities\ChannelEntity->saveChannel()
11 SYSTEMPATH\CodeIgniter.php(933): App\Controllers\Manager\ChannelsController->saveChannel()
12 SYSTEMPATH\CodeIgniter.php(509): CodeIgniter\CodeIgniter->runController()
13 SYSTEMPATH\CodeIgniter.php(355): CodeIgniter\CodeIgniter->handleRequest()
14 SYSTEMPATH\Boot.php(325): CodeIgniter\CodeIgniter->run()
15 SYSTEMPATH\Boot.php(67): CodeIgniter\Boot::runCodeIgniter()
16 FCPATH\index.php(56): CodeIgniter\Boot::bootWeb()
INFO - 2024-12-15 09:55:14 --> Session: Class initialized using 'CodeIgniter\Session\Handlers\FileHandler' driver.
INFO - 2024-12-15 09:57:14 --> Session: Class initialized using 'CodeIgniter\Session\Handlers\FileHandler' driver.
CRITICAL - 2024-12-15 09:57:40 --> Telegram\Bot\Exceptions\TelegramResponseException: Bad Request: chat description is not modified
[Method: POST, Route: manager/channels/edit]
in VENDORPATH\irazasyed\telegram-bot-sdk\src\Exceptions\TelegramResponseException.php on line 59.
 1 VENDORPATH\irazasyed\telegram-bot-sdk\src\TelegramResponse.php(96): Telegram\Bot\Exceptions\TelegramResponseException::create()
 2 VENDORPATH\irazasyed\telegram-bot-sdk\src\TelegramResponse.php(79): Telegram\Bot\TelegramResponse->makeException()
 3 VENDORPATH\irazasyed\telegram-bot-sdk\src\TelegramResponse.php(49): Telegram\Bot\TelegramResponse->decodeBody()
 4 VENDORPATH\irazasyed\telegram-bot-sdk\src\TelegramClient.php(122): Telegram\Bot\TelegramResponse->__construct()
 5 VENDORPATH\irazasyed\telegram-bot-sdk\src\TelegramClient.php(50): Telegram\Bot\TelegramClient->getResponse()
 6 VENDORPATH\irazasyed\telegram-bot-sdk\src\Traits\Http.php(152): Telegram\Bot\TelegramClient->sendRequest()
 7 VENDORPATH\irazasyed\telegram-bot-sdk\src\Traits\Http.php(269): Telegram\Bot\Api->sendRequest()
 8 VENDORPATH\irazasyed\telegram-bot-sdk\src\Methods\Chat.php(292): Telegram\Bot\Api->post()
 9 APPPATH\Entities\ChannelEntity.php(72): Telegram\Bot\Api->setChatDescription()
10 APPPATH\Controllers\Manager\ChannelsController.php(85): App\Entities\ChannelEntity->saveChannel()
11 SYSTEMPATH\CodeIgniter.php(933): App\Controllers\Manager\ChannelsController->saveChannel()
12 SYSTEMPATH\CodeIgniter.php(509): CodeIgniter\CodeIgniter->runController()
13 SYSTEMPATH\CodeIgniter.php(355): CodeIgniter\CodeIgniter->handleRequest()
14 SYSTEMPATH\Boot.php(325): CodeIgniter\CodeIgniter->run()
15 SYSTEMPATH\Boot.php(67): CodeIgniter\Boot::runCodeIgniter()
16 FCPATH\index.php(56): CodeIgniter\Boot::bootWeb()
CRITICAL - 2024-12-15 09:57:40 --> [Caused by] Telegram\Bot\Exceptions\TelegramOtherException: Bad Request: chat description is not modified
in VENDORPATH\irazasyed\telegram-bot-sdk\src\Exceptions\TelegramResponseException.php on line 59.
 1 VENDORPATH\irazasyed\telegram-bot-sdk\src\TelegramResponse.php(96): Telegram\Bot\Exceptions\TelegramResponseException::create()
 2 VENDORPATH\irazasyed\telegram-bot-sdk\src\TelegramResponse.php(79): Telegram\Bot\TelegramResponse->makeException()
 3 VENDORPATH\irazasyed\telegram-bot-sdk\src\TelegramResponse.php(49): Telegram\Bot\TelegramResponse->decodeBody()
 4 VENDORPATH\irazasyed\telegram-bot-sdk\src\TelegramClient.php(122): Telegram\Bot\TelegramResponse->__construct()
 5 VENDORPATH\irazasyed\telegram-bot-sdk\src\TelegramClient.php(50): Telegram\Bot\TelegramClient->getResponse()
 6 VENDORPATH\irazasyed\telegram-bot-sdk\src\Traits\Http.php(152): Telegram\Bot\TelegramClient->sendRequest()
 7 VENDORPATH\irazasyed\telegram-bot-sdk\src\Traits\Http.php(269): Telegram\Bot\Api->sendRequest()
 8 VENDORPATH\irazasyed\telegram-bot-sdk\src\Methods\Chat.php(292): Telegram\Bot\Api->post()
 9 APPPATH\Entities\ChannelEntity.php(72): Telegram\Bot\Api->setChatDescription()
10 APPPATH\Controllers\Manager\ChannelsController.php(85): App\Entities\ChannelEntity->saveChannel()
11 SYSTEMPATH\CodeIgniter.php(933): App\Controllers\Manager\ChannelsController->saveChannel()
12 SYSTEMPATH\CodeIgniter.php(509): CodeIgniter\CodeIgniter->runController()
13 SYSTEMPATH\CodeIgniter.php(355): CodeIgniter\CodeIgniter->handleRequest()
14 SYSTEMPATH\Boot.php(325): CodeIgniter\CodeIgniter->run()
15 SYSTEMPATH\Boot.php(67): CodeIgniter\Boot::runCodeIgniter()
16 FCPATH\index.php(56): CodeIgniter\Boot::bootWeb()
INFO - 2024-12-15 10:01:33 --> Session: Class initialized using 'CodeIgniter\Session\Handlers\FileHandler' driver.
CRITICAL - 2024-12-15 10:01:46 --> Telegram\Bot\Exceptions\TelegramResponseException: Bad Request: chat description is not modified
[Method: POST, Route: manager/channels/edit]
in VENDORPATH\irazasyed\telegram-bot-sdk\src\Exceptions\TelegramResponseException.php on line 59.
 1 VENDORPATH\irazasyed\telegram-bot-sdk\src\TelegramResponse.php(96): Telegram\Bot\Exceptions\TelegramResponseException::create()
 2 VENDORPATH\irazasyed\telegram-bot-sdk\src\TelegramResponse.php(79): Telegram\Bot\TelegramResponse->makeException()
 3 VENDORPATH\irazasyed\telegram-bot-sdk\src\TelegramResponse.php(49): Telegram\Bot\TelegramResponse->decodeBody()
 4 VENDORPATH\irazasyed\telegram-bot-sdk\src\TelegramClient.php(122): Telegram\Bot\TelegramResponse->__construct()
 5 VENDORPATH\irazasyed\telegram-bot-sdk\src\TelegramClient.php(50): Telegram\Bot\TelegramClient->getResponse()
 6 VENDORPATH\irazasyed\telegram-bot-sdk\src\Traits\Http.php(152): Telegram\Bot\TelegramClient->sendRequest()
 7 VENDORPATH\irazasyed\telegram-bot-sdk\src\Traits\Http.php(269): Telegram\Bot\Api->sendRequest()
 8 VENDORPATH\irazasyed\telegram-bot-sdk\src\Methods\Chat.php(292): Telegram\Bot\Api->post()
 9 APPPATH\Entities\ChannelEntity.php(72): Telegram\Bot\Api->setChatDescription()
10 APPPATH\Controllers\Manager\ChannelsController.php(85): App\Entities\ChannelEntity->saveChannel()
11 SYSTEMPATH\CodeIgniter.php(933): App\Controllers\Manager\ChannelsController->saveChannel()
12 SYSTEMPATH\CodeIgniter.php(509): CodeIgniter\CodeIgniter->runController()
13 SYSTEMPATH\CodeIgniter.php(355): CodeIgniter\CodeIgniter->handleRequest()
14 SYSTEMPATH\Boot.php(325): CodeIgniter\CodeIgniter->run()
15 SYSTEMPATH\Boot.php(67): CodeIgniter\Boot::runCodeIgniter()
16 FCPATH\index.php(56): CodeIgniter\Boot::bootWeb()
CRITICAL - 2024-12-15 10:01:46 --> [Caused by] Telegram\Bot\Exceptions\TelegramOtherException: Bad Request: chat description is not modified
in VENDORPATH\irazasyed\telegram-bot-sdk\src\Exceptions\TelegramResponseException.php on line 59.
 1 VENDORPATH\irazasyed\telegram-bot-sdk\src\TelegramResponse.php(96): Telegram\Bot\Exceptions\TelegramResponseException::create()
 2 VENDORPATH\irazasyed\telegram-bot-sdk\src\TelegramResponse.php(79): Telegram\Bot\TelegramResponse->makeException()
 3 VENDORPATH\irazasyed\telegram-bot-sdk\src\TelegramResponse.php(49): Telegram\Bot\TelegramResponse->decodeBody()
 4 VENDORPATH\irazasyed\telegram-bot-sdk\src\TelegramClient.php(122): Telegram\Bot\TelegramResponse->__construct()
 5 VENDORPATH\irazasyed\telegram-bot-sdk\src\TelegramClient.php(50): Telegram\Bot\TelegramClient->getResponse()
 6 VENDORPATH\irazasyed\telegram-bot-sdk\src\Traits\Http.php(152): Telegram\Bot\TelegramClient->sendRequest()
 7 VENDORPATH\irazasyed\telegram-bot-sdk\src\Traits\Http.php(269): Telegram\Bot\Api->sendRequest()
 8 VENDORPATH\irazasyed\telegram-bot-sdk\src\Methods\Chat.php(292): Telegram\Bot\Api->post()
 9 APPPATH\Entities\ChannelEntity.php(72): Telegram\Bot\Api->setChatDescription()
10 APPPATH\Controllers\Manager\ChannelsController.php(85): App\Entities\ChannelEntity->saveChannel()
11 SYSTEMPATH\CodeIgniter.php(933): App\Controllers\Manager\ChannelsController->saveChannel()
12 SYSTEMPATH\CodeIgniter.php(509): CodeIgniter\CodeIgniter->runController()
13 SYSTEMPATH\CodeIgniter.php(355): CodeIgniter\CodeIgniter->handleRequest()
14 SYSTEMPATH\Boot.php(325): CodeIgniter\CodeIgniter->run()
15 SYSTEMPATH\Boot.php(67): CodeIgniter\Boot::runCodeIgniter()
16 FCPATH\index.php(56): CodeIgniter\Boot::bootWeb()
CRITICAL - 2024-12-15 10:06:28 --> Telegram\Bot\Exceptions\TelegramResponseException: Bad Request: chat description is not modified
[Method: POST, Route: manager/channels/edit]
in VENDORPATH\irazasyed\telegram-bot-sdk\src\Exceptions\TelegramResponseException.php on line 59.
 1 VENDORPATH\irazasyed\telegram-bot-sdk\src\TelegramResponse.php(96): Telegram\Bot\Exceptions\TelegramResponseException::create()
 2 VENDORPATH\irazasyed\telegram-bot-sdk\src\TelegramResponse.php(79): Telegram\Bot\TelegramResponse->makeException()
 3 VENDORPATH\irazasyed\telegram-bot-sdk\src\TelegramResponse.php(49): Telegram\Bot\TelegramResponse->decodeBody()
 4 VENDORPATH\irazasyed\telegram-bot-sdk\src\TelegramClient.php(122): Telegram\Bot\TelegramResponse->__construct()
 5 VENDORPATH\irazasyed\telegram-bot-sdk\src\TelegramClient.php(50): Telegram\Bot\TelegramClient->getResponse()
 6 VENDORPATH\irazasyed\telegram-bot-sdk\src\Traits\Http.php(152): Telegram\Bot\TelegramClient->sendRequest()
 7 VENDORPATH\irazasyed\telegram-bot-sdk\src\Traits\Http.php(269): Telegram\Bot\Api->sendRequest()
 8 VENDORPATH\irazasyed\telegram-bot-sdk\src\Methods\Chat.php(292): Telegram\Bot\Api->post()
 9 APPPATH\Entities\ChannelEntity.php(72): Telegram\Bot\Api->setChatDescription()
10 APPPATH\Controllers\Manager\ChannelsController.php(85): App\Entities\ChannelEntity->saveChannel()
11 SYSTEMPATH\CodeIgniter.php(933): App\Controllers\Manager\ChannelsController->saveChannel()
12 SYSTEMPATH\CodeIgniter.php(509): CodeIgniter\CodeIgniter->runController()
13 SYSTEMPATH\CodeIgniter.php(355): CodeIgniter\CodeIgniter->handleRequest()
14 SYSTEMPATH\Boot.php(325): CodeIgniter\CodeIgniter->run()
15 SYSTEMPATH\Boot.php(67): CodeIgniter\Boot::runCodeIgniter()
16 FCPATH\index.php(56): CodeIgniter\Boot::bootWeb()
CRITICAL - 2024-12-15 10:06:28 --> [Caused by] Telegram\Bot\Exceptions\TelegramOtherException: Bad Request: chat description is not modified
in VENDORPATH\irazasyed\telegram-bot-sdk\src\Exceptions\TelegramResponseException.php on line 59.
 1 VENDORPATH\irazasyed\telegram-bot-sdk\src\TelegramResponse.php(96): Telegram\Bot\Exceptions\TelegramResponseException::create()
 2 VENDORPATH\irazasyed\telegram-bot-sdk\src\TelegramResponse.php(79): Telegram\Bot\TelegramResponse->makeException()
 3 VENDORPATH\irazasyed\telegram-bot-sdk\src\TelegramResponse.php(49): Telegram\Bot\TelegramResponse->decodeBody()
 4 VENDORPATH\irazasyed\telegram-bot-sdk\src\TelegramClient.php(122): Telegram\Bot\TelegramResponse->__construct()
 5 VENDORPATH\irazasyed\telegram-bot-sdk\src\TelegramClient.php(50): Telegram\Bot\TelegramClient->getResponse()
 6 VENDORPATH\irazasyed\telegram-bot-sdk\src\Traits\Http.php(152): Telegram\Bot\TelegramClient->sendRequest()
 7 VENDORPATH\irazasyed\telegram-bot-sdk\src\Traits\Http.php(269): Telegram\Bot\Api->sendRequest()
 8 VENDORPATH\irazasyed\telegram-bot-sdk\src\Methods\Chat.php(292): Telegram\Bot\Api->post()
 9 APPPATH\Entities\ChannelEntity.php(72): Telegram\Bot\Api->setChatDescription()
10 APPPATH\Controllers\Manager\ChannelsController.php(85): App\Entities\ChannelEntity->saveChannel()
11 SYSTEMPATH\CodeIgniter.php(933): App\Controllers\Manager\ChannelsController->saveChannel()
12 SYSTEMPATH\CodeIgniter.php(509): CodeIgniter\CodeIgniter->runController()
13 SYSTEMPATH\CodeIgniter.php(355): CodeIgniter\CodeIgniter->handleRequest()
14 SYSTEMPATH\Boot.php(325): CodeIgniter\CodeIgniter->run()
15 SYSTEMPATH\Boot.php(67): CodeIgniter\Boot::runCodeIgniter()
16 FCPATH\index.php(56): CodeIgniter\Boot::bootWeb()
CRITICAL - 2024-12-15 10:08:39 --> Telegram\Bot\Exceptions\TelegramResponseException: Bad Request: chat description is not modified
[Method: POST, Route: manager/channels/edit]
in VENDORPATH\irazasyed\telegram-bot-sdk\src\Exceptions\TelegramResponseException.php on line 59.
 1 VENDORPATH\irazasyed\telegram-bot-sdk\src\TelegramResponse.php(96): Telegram\Bot\Exceptions\TelegramResponseException::create()
 2 VENDORPATH\irazasyed\telegram-bot-sdk\src\TelegramResponse.php(79): Telegram\Bot\TelegramResponse->makeException()
 3 VENDORPATH\irazasyed\telegram-bot-sdk\src\TelegramResponse.php(49): Telegram\Bot\TelegramResponse->decodeBody()
 4 VENDORPATH\irazasyed\telegram-bot-sdk\src\TelegramClient.php(122): Telegram\Bot\TelegramResponse->__construct()
 5 VENDORPATH\irazasyed\telegram-bot-sdk\src\TelegramClient.php(50): Telegram\Bot\TelegramClient->getResponse()
 6 VENDORPATH\irazasyed\telegram-bot-sdk\src\Traits\Http.php(152): Telegram\Bot\TelegramClient->sendRequest()
 7 VENDORPATH\irazasyed\telegram-bot-sdk\src\Traits\Http.php(269): Telegram\Bot\Api->sendRequest()
 8 VENDORPATH\irazasyed\telegram-bot-sdk\src\Methods\Chat.php(292): Telegram\Bot\Api->post()
 9 APPPATH\Entities\ChannelEntity.php(72): Telegram\Bot\Api->setChatDescription()
10 APPPATH\Controllers\Manager\ChannelsController.php(85): App\Entities\ChannelEntity->saveChannel()
11 SYSTEMPATH\CodeIgniter.php(933): App\Controllers\Manager\ChannelsController->saveChannel()
12 SYSTEMPATH\CodeIgniter.php(509): CodeIgniter\CodeIgniter->runController()
13 SYSTEMPATH\CodeIgniter.php(355): CodeIgniter\CodeIgniter->handleRequest()
14 SYSTEMPATH\Boot.php(325): CodeIgniter\CodeIgniter->run()
15 SYSTEMPATH\Boot.php(67): CodeIgniter\Boot::runCodeIgniter()
16 FCPATH\index.php(56): CodeIgniter\Boot::bootWeb()
CRITICAL - 2024-12-15 10:08:39 --> [Caused by] Telegram\Bot\Exceptions\TelegramOtherException: Bad Request: chat description is not modified
in VENDORPATH\irazasyed\telegram-bot-sdk\src\Exceptions\TelegramResponseException.php on line 59.
 1 VENDORPATH\irazasyed\telegram-bot-sdk\src\TelegramResponse.php(96): Telegram\Bot\Exceptions\TelegramResponseException::create()
 2 VENDORPATH\irazasyed\telegram-bot-sdk\src\TelegramResponse.php(79): Telegram\Bot\TelegramResponse->makeException()
 3 VENDORPATH\irazasyed\telegram-bot-sdk\src\TelegramResponse.php(49): Telegram\Bot\TelegramResponse->decodeBody()
 4 VENDORPATH\irazasyed\telegram-bot-sdk\src\TelegramClient.php(122): Telegram\Bot\TelegramResponse->__construct()
 5 VENDORPATH\irazasyed\telegram-bot-sdk\src\TelegramClient.php(50): Telegram\Bot\TelegramClient->getResponse()
 6 VENDORPATH\irazasyed\telegram-bot-sdk\src\Traits\Http.php(152): Telegram\Bot\TelegramClient->sendRequest()
 7 VENDORPATH\irazasyed\telegram-bot-sdk\src\Traits\Http.php(269): Telegram\Bot\Api->sendRequest()
 8 VENDORPATH\irazasyed\telegram-bot-sdk\src\Methods\Chat.php(292): Telegram\Bot\Api->post()
 9 APPPATH\Entities\ChannelEntity.php(72): Telegram\Bot\Api->setChatDescription()
10 APPPATH\Controllers\Manager\ChannelsController.php(85): App\Entities\ChannelEntity->saveChannel()
11 SYSTEMPATH\CodeIgniter.php(933): App\Controllers\Manager\ChannelsController->saveChannel()
12 SYSTEMPATH\CodeIgniter.php(509): CodeIgniter\CodeIgniter->runController()
13 SYSTEMPATH\CodeIgniter.php(355): CodeIgniter\CodeIgniter->handleRequest()
14 SYSTEMPATH\Boot.php(325): CodeIgniter\CodeIgniter->run()
15 SYSTEMPATH\Boot.php(67): CodeIgniter\Boot::runCodeIgniter()
16 FCPATH\index.php(56): CodeIgniter\Boot::bootWeb()
CRITICAL - 2024-12-15 10:08:50 --> Telegram\Bot\Exceptions\TelegramResponseException: Bad Request: chat description is not modified
[Method: POST, Route: manager/channels/edit]
in VENDORPATH\irazasyed\telegram-bot-sdk\src\Exceptions\TelegramResponseException.php on line 59.
 1 VENDORPATH\irazasyed\telegram-bot-sdk\src\TelegramResponse.php(96): Telegram\Bot\Exceptions\TelegramResponseException::create()
 2 VENDORPATH\irazasyed\telegram-bot-sdk\src\TelegramResponse.php(79): Telegram\Bot\TelegramResponse->makeException()
 3 VENDORPATH\irazasyed\telegram-bot-sdk\src\TelegramResponse.php(49): Telegram\Bot\TelegramResponse->decodeBody()
 4 VENDORPATH\irazasyed\telegram-bot-sdk\src\TelegramClient.php(122): Telegram\Bot\TelegramResponse->__construct()
 5 VENDORPATH\irazasyed\telegram-bot-sdk\src\TelegramClient.php(50): Telegram\Bot\TelegramClient->getResponse()
 6 VENDORPATH\irazasyed\telegram-bot-sdk\src\Traits\Http.php(152): Telegram\Bot\TelegramClient->sendRequest()
 7 VENDORPATH\irazasyed\telegram-bot-sdk\src\Traits\Http.php(269): Telegram\Bot\Api->sendRequest()
 8 VENDORPATH\irazasyed\telegram-bot-sdk\src\Methods\Chat.php(292): Telegram\Bot\Api->post()
 9 APPPATH\Entities\ChannelEntity.php(72): Telegram\Bot\Api->setChatDescription()
10 APPPATH\Controllers\Manager\ChannelsController.php(85): App\Entities\ChannelEntity->saveChannel()
11 SYSTEMPATH\CodeIgniter.php(933): App\Controllers\Manager\ChannelsController->saveChannel()
12 SYSTEMPATH\CodeIgniter.php(509): CodeIgniter\CodeIgniter->runController()
13 SYSTEMPATH\CodeIgniter.php(355): CodeIgniter\CodeIgniter->handleRequest()
14 SYSTEMPATH\Boot.php(325): CodeIgniter\CodeIgniter->run()
15 SYSTEMPATH\Boot.php(67): CodeIgniter\Boot::runCodeIgniter()
16 FCPATH\index.php(56): CodeIgniter\Boot::bootWeb()
CRITICAL - 2024-12-15 10:08:50 --> [Caused by] Telegram\Bot\Exceptions\TelegramOtherException: Bad Request: chat description is not modified
in VENDORPATH\irazasyed\telegram-bot-sdk\src\Exceptions\TelegramResponseException.php on line 59.
 1 VENDORPATH\irazasyed\telegram-bot-sdk\src\TelegramResponse.php(96): Telegram\Bot\Exceptions\TelegramResponseException::create()
 2 VENDORPATH\irazasyed\telegram-bot-sdk\src\TelegramResponse.php(79): Telegram\Bot\TelegramResponse->makeException()
 3 VENDORPATH\irazasyed\telegram-bot-sdk\src\TelegramResponse.php(49): Telegram\Bot\TelegramResponse->decodeBody()
 4 VENDORPATH\irazasyed\telegram-bot-sdk\src\TelegramClient.php(122): Telegram\Bot\TelegramResponse->__construct()
 5 VENDORPATH\irazasyed\telegram-bot-sdk\src\TelegramClient.php(50): Telegram\Bot\TelegramClient->getResponse()
 6 VENDORPATH\irazasyed\telegram-bot-sdk\src\Traits\Http.php(152): Telegram\Bot\TelegramClient->sendRequest()
 7 VENDORPATH\irazasyed\telegram-bot-sdk\src\Traits\Http.php(269): Telegram\Bot\Api->sendRequest()
 8 VENDORPATH\irazasyed\telegram-bot-sdk\src\Methods\Chat.php(292): Telegram\Bot\Api->post()
 9 APPPATH\Entities\ChannelEntity.php(72): Telegram\Bot\Api->setChatDescription()
10 APPPATH\Controllers\Manager\ChannelsController.php(85): App\Entities\ChannelEntity->saveChannel()
11 SYSTEMPATH\CodeIgniter.php(933): App\Controllers\Manager\ChannelsController->saveChannel()
12 SYSTEMPATH\CodeIgniter.php(509): CodeIgniter\CodeIgniter->runController()
13 SYSTEMPATH\CodeIgniter.php(355): CodeIgniter\CodeIgniter->handleRequest()
14 SYSTEMPATH\Boot.php(325): CodeIgniter\CodeIgniter->run()
15 SYSTEMPATH\Boot.php(67): CodeIgniter\Boot::runCodeIgniter()
16 FCPATH\index.php(56): CodeIgniter\Boot::bootWeb()
INFO - 2024-12-15 10:09:57 --> Session: Class initialized using 'CodeIgniter\Session\Handlers\FileHandler' driver.
INFO - 2024-12-15 10:10:09 --> Session: Class initialized using 'CodeIgniter\Session\Handlers\FileHandler' driver.
CRITICAL - 2024-12-15 10:19:49 --> ErrorException: Undefined variable $res
[Method: POST, Route: manager/channels/edit]
in APPPATH\Entities\ChannelEntity.php on line 81.
 1 APPPATH\Entities\ChannelEntity.php(81): CodeIgniter\Debug\Exceptions->errorHandler()
 2 APPPATH\Controllers\Manager\ChannelsController.php(85): App\Entities\ChannelEntity->saveChannel()
 3 SYSTEMPATH\CodeIgniter.php(933): App\Controllers\Manager\ChannelsController->saveChannel()
 4 SYSTEMPATH\CodeIgniter.php(509): CodeIgniter\CodeIgniter->runController()
 5 SYSTEMPATH\CodeIgniter.php(355): CodeIgniter\CodeIgniter->handleRequest()
 6 SYSTEMPATH\Boot.php(325): CodeIgniter\CodeIgniter->run()
 7 SYSTEMPATH\Boot.php(67): CodeIgniter\Boot::runCodeIgniter()
 8 FCPATH\index.php(56): CodeIgniter\Boot::bootWeb()
INFO - 2024-12-15 10:23:55 --> Session: Class initialized using 'CodeIgniter\Session\Handlers\FileHandler' driver.
INFO - 2024-12-15 10:26:18 --> Session: Class initialized using 'CodeIgniter\Session\Handlers\FileHandler' driver.
CRITICAL - 2024-12-15 10:26:48 --> Exception: Forbidden: bot is not a member of the channel chat
[Method: POST, Route: manager/channels/edit]
in APPPATH\Entities\ChannelEntity.php on line 79.
 1 APPPATH\Controllers\Manager\ChannelsController.php(85): App\Entities\ChannelEntity->saveChannel()
 2 SYSTEMPATH\CodeIgniter.php(933): App\Controllers\Manager\ChannelsController->saveChannel()
 3 SYSTEMPATH\CodeIgniter.php(509): CodeIgniter\CodeIgniter->runController()
 4 SYSTEMPATH\CodeIgniter.php(355): CodeIgniter\CodeIgniter->handleRequest()
 5 SYSTEMPATH\Boot.php(325): CodeIgniter\CodeIgniter->run()
 6 SYSTEMPATH\Boot.php(67): CodeIgniter\Boot::runCodeIgniter()
 7 FCPATH\index.php(56): CodeIgniter\Boot::bootWeb()
INFO - 2024-12-15 10:36:51 --> Session: Class initialized using 'CodeIgniter\Session\Handlers\FileHandler' driver.
INFO - 2024-12-15 10:38:45 --> Session: Class initialized using 'CodeIgniter\Session\Handlers\FileHandler' driver.
CRITICAL - 2024-12-15 10:41:28 --> ErrorException: Undefined array key 1
[Method: POST, Route: manager/channels/edit]
in APPPATH\Controllers\Manager\ChannelsController.php on line 85.
 1 APPPATH\Controllers\Manager\ChannelsController.php(85): CodeIgniter\Debug\Exceptions->errorHandler()
 2 SYSTEMPATH\CodeIgniter.php(933): App\Controllers\Manager\ChannelsController->saveChannel()
 3 SYSTEMPATH\CodeIgniter.php(509): CodeIgniter\CodeIgniter->runController()
 4 SYSTEMPATH\CodeIgniter.php(355): CodeIgniter\CodeIgniter->handleRequest()
 5 SYSTEMPATH\Boot.php(325): CodeIgniter\CodeIgniter->run()
 6 SYSTEMPATH\Boot.php(67): CodeIgniter\Boot::runCodeIgniter()
 7 FCPATH\index.php(56): CodeIgniter\Boot::bootWeb()
INFO - 2024-12-15 10:51:16 --> Session: Class initialized using 'CodeIgniter\Session\Handlers\FileHandler' driver.
INFO - 2024-12-15 15:33:47 --> Session: Class initialized using 'CodeIgniter\Session\Handlers\FileHandler' driver.
