INFO - 2024-12-13 06:04:43 --> Session: Class initialized using 'CodeIgniter\Session\Handlers\FileHandler' driver.
INFO - 2024-12-13 06:05:07 --> Session: Class initialized using 'CodeIgniter\Session\Handlers\FileHandler' driver.
INFO - 2024-12-13 06:05:33 --> Session: Class initialized using 'CodeIgniter\Session\Handlers\FileHandler' driver.
INFO - 2024-12-13 06:05:44 --> Session: Class initialized using 'CodeIgniter\Session\Handlers\FileHandler' driver.
INFO - 2024-12-13 06:19:22 --> Session: Class initialized using 'CodeIgniter\Session\Handlers\FileHandler' driver.
INFO - 2024-12-13 06:19:30 --> Session: Class initialized using 'CodeIgniter\Session\Handlers\FileHandler' driver.
INFO - 2024-12-13 06:39:35 --> Session: Class initialized using 'CodeIgniter\Session\Handlers\FileHandler' driver.
INFO - 2024-12-13 06:40:04 --> Session: Class initialized using 'CodeIgniter\Session\Handlers\FileHandler' driver.
INFO - 2024-12-13 06:46:27 --> Session: Class initialized using 'CodeIgniter\Session\Handlers\FileHandler' driver.
INFO - 2024-12-13 06:47:25 --> Session: Class initialized using 'CodeIgniter\Session\Handlers\FileHandler' driver.
INFO - 2024-12-13 06:50:27 --> Session: Class initialized using 'CodeIgniter\Session\Handlers\FileHandler' driver.
INFO - 2024-12-13 06:51:04 --> Session: Class initialized using 'CodeIgniter\Session\Handlers\FileHandler' driver.
INFO - 2024-12-13 06:58:09 --> Session: Class initialized using 'CodeIgniter\Session\Handlers\FileHandler' driver.
INFO - 2024-12-13 07:12:09 --> Session: Class initialized using 'CodeIgniter\Session\Handlers\FileHandler' driver.
INFO - 2024-12-13 07:22:18 --> Session: Class initialized using 'CodeIgniter\Session\Handlers\FileHandler' driver.
INFO - 2024-12-13 07:40:21 --> Session: Class initialized using 'CodeIgniter\Session\Handlers\FileHandler' driver.
CRITICAL - 2024-12-13 07:40:24 --> Telegram\Bot\Exceptions\TelegramResponseException: Bad Request: chat description is not modified
[Method: POST, Route: manager/channels/edit]
in VENDORPATH\irazasyed\telegram-bot-sdk\src\Exceptions\TelegramResponseException.php on line 59.
 1 VENDORPATH\irazasyed\telegram-bot-sdk\src\TelegramResponse.php(96): Telegram\Bot\Exceptions\TelegramResponseException::create()
 2 VENDORPATH\irazasyed\telegram-bot-sdk\src\TelegramResponse.php(79): Telegram\Bot\TelegramResponse->makeException()
 3 VENDORPATH\irazasyed\telegram-bot-sdk\src\TelegramResponse.php(49): Telegram\Bot\TelegramResponse->decodeBody()
 4 VENDORPATH\irazasyed\telegram-bot-sdk\src\TelegramClient.php(122): Telegram\Bot\TelegramResponse->__construct()
 5 VENDORPATH\irazasyed\telegram-bot-sdk\src\TelegramClient.php(50): Telegram\Bot\TelegramClient->getResponse()
 6 VENDORPATH\irazasyed\telegram-bot-sdk\src\Traits\Http.php(152): Telegram\Bot\TelegramClient->sendRequest()
 7 VENDORPATH\irazasyed\telegram-bot-sdk\src\Traits\Http.php(269): Telegram\Bot\Api->sendRequest()
 8 VENDORPATH\irazasyed\telegram-bot-sdk\src\Methods\Chat.php(292): Telegram\Bot\Api->post()
 9 APPPATH\Entities\ChannelEntity.php(62): Telegram\Bot\Api->setChatDescription()
10 APPPATH\Controllers\Manager\ChannelsController.php(85): App\Entities\ChannelEntity->saveChannel()
11 SYSTEMPATH\CodeIgniter.php(933): App\Controllers\Manager\ChannelsController->saveChannel()
12 SYSTEMPATH\CodeIgniter.php(509): CodeIgniter\CodeIgniter->runController()
13 SYSTEMPATH\CodeIgniter.php(355): CodeIgniter\CodeIgniter->handleRequest()
14 SYSTEMPATH\Boot.php(325): CodeIgniter\CodeIgniter->run()
15 SYSTEMPATH\Boot.php(67): CodeIgniter\Boot::runCodeIgniter()
16 FCPATH\index.php(56): CodeIgniter\Boot::bootWeb()
CRITICAL - 2024-12-13 07:40:24 --> [Caused by] Telegram\Bot\Exceptions\TelegramOtherException: Bad Request: chat description is not modified
in VENDORPATH\irazasyed\telegram-bot-sdk\src\Exceptions\TelegramResponseException.php on line 59.
 1 VENDORPATH\irazasyed\telegram-bot-sdk\src\TelegramResponse.php(96): Telegram\Bot\Exceptions\TelegramResponseException::create()
 2 VENDORPATH\irazasyed\telegram-bot-sdk\src\TelegramResponse.php(79): Telegram\Bot\TelegramResponse->makeException()
 3 VENDORPATH\irazasyed\telegram-bot-sdk\src\TelegramResponse.php(49): Telegram\Bot\TelegramResponse->decodeBody()
 4 VENDORPATH\irazasyed\telegram-bot-sdk\src\TelegramClient.php(122): Telegram\Bot\TelegramResponse->__construct()
 5 VENDORPATH\irazasyed\telegram-bot-sdk\src\TelegramClient.php(50): Telegram\Bot\TelegramClient->getResponse()
 6 VENDORPATH\irazasyed\telegram-bot-sdk\src\Traits\Http.php(152): Telegram\Bot\TelegramClient->sendRequest()
 7 VENDORPATH\irazasyed\telegram-bot-sdk\src\Traits\Http.php(269): Telegram\Bot\Api->sendRequest()
 8 VENDORPATH\irazasyed\telegram-bot-sdk\src\Methods\Chat.php(292): Telegram\Bot\Api->post()
 9 APPPATH\Entities\ChannelEntity.php(62): Telegram\Bot\Api->setChatDescription()
10 APPPATH\Controllers\Manager\ChannelsController.php(85): App\Entities\ChannelEntity->saveChannel()
11 SYSTEMPATH\CodeIgniter.php(933): App\Controllers\Manager\ChannelsController->saveChannel()
12 SYSTEMPATH\CodeIgniter.php(509): CodeIgniter\CodeIgniter->runController()
13 SYSTEMPATH\CodeIgniter.php(355): CodeIgniter\CodeIgniter->handleRequest()
14 SYSTEMPATH\Boot.php(325): CodeIgniter\CodeIgniter->run()
15 SYSTEMPATH\Boot.php(67): CodeIgniter\Boot::runCodeIgniter()
16 FCPATH\index.php(56): CodeIgniter\Boot::bootWeb()
CRITICAL - 2024-12-13 07:40:33 --> Telegram\Bot\Exceptions\TelegramResponseException: Bad Request: chat description is not modified
[Method: POST, Route: manager/channels/edit]
in VENDORPATH\irazasyed\telegram-bot-sdk\src\Exceptions\TelegramResponseException.php on line 59.
 1 VENDORPATH\irazasyed\telegram-bot-sdk\src\TelegramResponse.php(96): Telegram\Bot\Exceptions\TelegramResponseException::create()
 2 VENDORPATH\irazasyed\telegram-bot-sdk\src\TelegramResponse.php(79): Telegram\Bot\TelegramResponse->makeException()
 3 VENDORPATH\irazasyed\telegram-bot-sdk\src\TelegramResponse.php(49): Telegram\Bot\TelegramResponse->decodeBody()
 4 VENDORPATH\irazasyed\telegram-bot-sdk\src\TelegramClient.php(122): Telegram\Bot\TelegramResponse->__construct()
 5 VENDORPATH\irazasyed\telegram-bot-sdk\src\TelegramClient.php(50): Telegram\Bot\TelegramClient->getResponse()
 6 VENDORPATH\irazasyed\telegram-bot-sdk\src\Traits\Http.php(152): Telegram\Bot\TelegramClient->sendRequest()
 7 VENDORPATH\irazasyed\telegram-bot-sdk\src\Traits\Http.php(269): Telegram\Bot\Api->sendRequest()
 8 VENDORPATH\irazasyed\telegram-bot-sdk\src\Methods\Chat.php(292): Telegram\Bot\Api->post()
 9 APPPATH\Entities\ChannelEntity.php(62): Telegram\Bot\Api->setChatDescription()
10 APPPATH\Controllers\Manager\ChannelsController.php(85): App\Entities\ChannelEntity->saveChannel()
11 SYSTEMPATH\CodeIgniter.php(933): App\Controllers\Manager\ChannelsController->saveChannel()
12 SYSTEMPATH\CodeIgniter.php(509): CodeIgniter\CodeIgniter->runController()
13 SYSTEMPATH\CodeIgniter.php(355): CodeIgniter\CodeIgniter->handleRequest()
14 SYSTEMPATH\Boot.php(325): CodeIgniter\CodeIgniter->run()
15 SYSTEMPATH\Boot.php(67): CodeIgniter\Boot::runCodeIgniter()
16 FCPATH\index.php(56): CodeIgniter\Boot::bootWeb()
CRITICAL - 2024-12-13 07:40:33 --> [Caused by] Telegram\Bot\Exceptions\TelegramOtherException: Bad Request: chat description is not modified
in VENDORPATH\irazasyed\telegram-bot-sdk\src\Exceptions\TelegramResponseException.php on line 59.
 1 VENDORPATH\irazasyed\telegram-bot-sdk\src\TelegramResponse.php(96): Telegram\Bot\Exceptions\TelegramResponseException::create()
 2 VENDORPATH\irazasyed\telegram-bot-sdk\src\TelegramResponse.php(79): Telegram\Bot\TelegramResponse->makeException()
 3 VENDORPATH\irazasyed\telegram-bot-sdk\src\TelegramResponse.php(49): Telegram\Bot\TelegramResponse->decodeBody()
 4 VENDORPATH\irazasyed\telegram-bot-sdk\src\TelegramClient.php(122): Telegram\Bot\TelegramResponse->__construct()
 5 VENDORPATH\irazasyed\telegram-bot-sdk\src\TelegramClient.php(50): Telegram\Bot\TelegramClient->getResponse()
 6 VENDORPATH\irazasyed\telegram-bot-sdk\src\Traits\Http.php(152): Telegram\Bot\TelegramClient->sendRequest()
 7 VENDORPATH\irazasyed\telegram-bot-sdk\src\Traits\Http.php(269): Telegram\Bot\Api->sendRequest()
 8 VENDORPATH\irazasyed\telegram-bot-sdk\src\Methods\Chat.php(292): Telegram\Bot\Api->post()
 9 APPPATH\Entities\ChannelEntity.php(62): Telegram\Bot\Api->setChatDescription()
10 APPPATH\Controllers\Manager\ChannelsController.php(85): App\Entities\ChannelEntity->saveChannel()
11 SYSTEMPATH\CodeIgniter.php(933): App\Controllers\Manager\ChannelsController->saveChannel()
12 SYSTEMPATH\CodeIgniter.php(509): CodeIgniter\CodeIgniter->runController()
13 SYSTEMPATH\CodeIgniter.php(355): CodeIgniter\CodeIgniter->handleRequest()
14 SYSTEMPATH\Boot.php(325): CodeIgniter\CodeIgniter->run()
15 SYSTEMPATH\Boot.php(67): CodeIgniter\Boot::runCodeIgniter()
16 FCPATH\index.php(56): CodeIgniter\Boot::bootWeb()
INFO - 2024-12-13 07:48:58 --> Session: Class initialized using 'CodeIgniter\Session\Handlers\FileHandler' driver.
INFO - 2024-12-13 07:49:01 --> Session: Class initialized using 'CodeIgniter\Session\Handlers\FileHandler' driver.
INFO - 2024-12-13 08:00:49 --> Session: Class initialized using 'CodeIgniter\Session\Handlers\FileHandler' driver.
INFO - 2024-12-13 08:00:57 --> Session: Class initialized using 'CodeIgniter\Session\Handlers\FileHandler' driver.
INFO - 2024-12-13 08:05:00 --> Session: Class initialized using 'CodeIgniter\Session\Handlers\FileHandler' driver.
CRITICAL - 2024-12-13 08:05:12 --> Telegram\Bot\Exceptions\TelegramResponseException: Bad Request: chat description is not modified
[Method: POST, Route: manager/channels/edit]
in VENDORPATH\irazasyed\telegram-bot-sdk\src\Exceptions\TelegramResponseException.php on line 59.
 1 VENDORPATH\irazasyed\telegram-bot-sdk\src\TelegramResponse.php(96): Telegram\Bot\Exceptions\TelegramResponseException::create()
 2 VENDORPATH\irazasyed\telegram-bot-sdk\src\TelegramResponse.php(79): Telegram\Bot\TelegramResponse->makeException()
 3 VENDORPATH\irazasyed\telegram-bot-sdk\src\TelegramResponse.php(49): Telegram\Bot\TelegramResponse->decodeBody()
 4 VENDORPATH\irazasyed\telegram-bot-sdk\src\TelegramClient.php(122): Telegram\Bot\TelegramResponse->__construct()
 5 VENDORPATH\irazasyed\telegram-bot-sdk\src\TelegramClient.php(50): Telegram\Bot\TelegramClient->getResponse()
 6 VENDORPATH\irazasyed\telegram-bot-sdk\src\Traits\Http.php(152): Telegram\Bot\TelegramClient->sendRequest()
 7 VENDORPATH\irazasyed\telegram-bot-sdk\src\Traits\Http.php(269): Telegram\Bot\Api->sendRequest()
 8 VENDORPATH\irazasyed\telegram-bot-sdk\src\Methods\Chat.php(292): Telegram\Bot\Api->post()
 9 APPPATH\Entities\ChannelEntity.php(67): Telegram\Bot\Api->setChatDescription()
10 APPPATH\Controllers\Manager\ChannelsController.php(85): App\Entities\ChannelEntity->saveChannel()
11 SYSTEMPATH\CodeIgniter.php(933): App\Controllers\Manager\ChannelsController->saveChannel()
12 SYSTEMPATH\CodeIgniter.php(509): CodeIgniter\CodeIgniter->runController()
13 SYSTEMPATH\CodeIgniter.php(355): CodeIgniter\CodeIgniter->handleRequest()
14 SYSTEMPATH\Boot.php(325): CodeIgniter\CodeIgniter->run()
15 SYSTEMPATH\Boot.php(67): CodeIgniter\Boot::runCodeIgniter()
16 FCPATH\index.php(56): CodeIgniter\Boot::bootWeb()
CRITICAL - 2024-12-13 08:05:12 --> [Caused by] Telegram\Bot\Exceptions\TelegramOtherException: Bad Request: chat description is not modified
in VENDORPATH\irazasyed\telegram-bot-sdk\src\Exceptions\TelegramResponseException.php on line 59.
 1 VENDORPATH\irazasyed\telegram-bot-sdk\src\TelegramResponse.php(96): Telegram\Bot\Exceptions\TelegramResponseException::create()
 2 VENDORPATH\irazasyed\telegram-bot-sdk\src\TelegramResponse.php(79): Telegram\Bot\TelegramResponse->makeException()
 3 VENDORPATH\irazasyed\telegram-bot-sdk\src\TelegramResponse.php(49): Telegram\Bot\TelegramResponse->decodeBody()
 4 VENDORPATH\irazasyed\telegram-bot-sdk\src\TelegramClient.php(122): Telegram\Bot\TelegramResponse->__construct()
 5 VENDORPATH\irazasyed\telegram-bot-sdk\src\TelegramClient.php(50): Telegram\Bot\TelegramClient->getResponse()
 6 VENDORPATH\irazasyed\telegram-bot-sdk\src\Traits\Http.php(152): Telegram\Bot\TelegramClient->sendRequest()
 7 VENDORPATH\irazasyed\telegram-bot-sdk\src\Traits\Http.php(269): Telegram\Bot\Api->sendRequest()
 8 VENDORPATH\irazasyed\telegram-bot-sdk\src\Methods\Chat.php(292): Telegram\Bot\Api->post()
 9 APPPATH\Entities\ChannelEntity.php(67): Telegram\Bot\Api->setChatDescription()
10 APPPATH\Controllers\Manager\ChannelsController.php(85): App\Entities\ChannelEntity->saveChannel()
11 SYSTEMPATH\CodeIgniter.php(933): App\Controllers\Manager\ChannelsController->saveChannel()
12 SYSTEMPATH\CodeIgniter.php(509): CodeIgniter\CodeIgniter->runController()
13 SYSTEMPATH\CodeIgniter.php(355): CodeIgniter\CodeIgniter->handleRequest()
14 SYSTEMPATH\Boot.php(325): CodeIgniter\CodeIgniter->run()
15 SYSTEMPATH\Boot.php(67): CodeIgniter\Boot::runCodeIgniter()
16 FCPATH\index.php(56): CodeIgniter\Boot::bootWeb()
INFO - 2024-12-13 08:05:55 --> Session: Class initialized using 'CodeIgniter\Session\Handlers\FileHandler' driver.
INFO - 2024-12-13 08:06:01 --> Session: Class initialized using 'CodeIgniter\Session\Handlers\FileHandler' driver.
INFO - 2024-12-13 08:07:07 --> Session: Class initialized using 'CodeIgniter\Session\Handlers\FileHandler' driver.
INFO - 2024-12-13 08:07:41 --> Session: Class initialized using 'CodeIgniter\Session\Handlers\FileHandler' driver.
INFO - 2024-12-13 08:07:46 --> Session: Class initialized using 'CodeIgniter\Session\Handlers\FileHandler' driver.
INFO - 2024-12-13 08:07:51 --> Session: Class initialized using 'CodeIgniter\Session\Handlers\FileHandler' driver.
INFO - 2024-12-13 08:07:56 --> Session: Class initialized using 'CodeIgniter\Session\Handlers\FileHandler' driver.
INFO - 2024-12-13 08:09:07 --> Session: Class initialized using 'CodeIgniter\Session\Handlers\FileHandler' driver.
INFO - 2024-12-13 08:09:33 --> Session: Class initialized using 'CodeIgniter\Session\Handlers\FileHandler' driver.
INFO - 2024-12-13 08:27:52 --> Session: Class initialized using 'CodeIgniter\Session\Handlers\FileHandler' driver.
INFO - 2024-12-13 08:30:38 --> Session: Class initialized using 'CodeIgniter\Session\Handlers\FileHandler' driver.
INFO - 2024-12-13 08:31:41 --> Session: Class initialized using 'CodeIgniter\Session\Handlers\FileHandler' driver.
INFO - 2024-12-13 08:33:39 --> Session: Class initialized using 'CodeIgniter\Session\Handlers\FileHandler' driver.
INFO - 2024-12-13 08:34:00 --> Session: Class initialized using 'CodeIgniter\Session\Handlers\FileHandler' driver.
INFO - 2024-12-13 08:34:08 --> Session: Class initialized using 'CodeIgniter\Session\Handlers\FileHandler' driver.
INFO - 2024-12-13 08:34:35 --> Session: Class initialized using 'CodeIgniter\Session\Handlers\FileHandler' driver.
INFO - 2024-12-13 08:36:10 --> Session: Class initialized using 'CodeIgniter\Session\Handlers\FileHandler' driver.
INFO - 2024-12-13 08:36:47 --> Session: Class initialized using 'CodeIgniter\Session\Handlers\FileHandler' driver.
INFO - 2024-12-13 08:46:34 --> Session: Class initialized using 'CodeIgniter\Session\Handlers\FileHandler' driver.
INFO - 2024-12-13 08:46:50 --> Session: Class initialized using 'CodeIgniter\Session\Handlers\FileHandler' driver.
INFO - 2024-12-13 08:46:53 --> Session: Class initialized using 'CodeIgniter\Session\Handlers\FileHandler' driver.
INFO - 2024-12-13 08:47:02 --> Session: Class initialized using 'CodeIgniter\Session\Handlers\FileHandler' driver.
INFO - 2024-12-13 08:47:16 --> Session: Class initialized using 'CodeIgniter\Session\Handlers\FileHandler' driver.
INFO - 2024-12-13 08:47:28 --> Session: Class initialized using 'CodeIgniter\Session\Handlers\FileHandler' driver.
INFO - 2024-12-13 08:47:41 --> Session: Class initialized using 'CodeIgniter\Session\Handlers\FileHandler' driver.
INFO - 2024-12-13 12:44:29 --> Session: Class initialized using 'CodeIgniter\Session\Handlers\FileHandler' driver.
INFO - 2024-12-13 12:44:33 --> Session: Class initialized using 'CodeIgniter\Session\Handlers\FileHandler' driver.
CRITICAL - 2024-12-13 12:44:36 --> Error: Call to undefined method App\Entities\ChannelEntity::getChannel()
[Method: GET, Route: manager/posts/new]
in APPPATH\Controllers\Manager\PostsController.php on line 78.
 1 SYSTEMPATH\CodeIgniter.php(933): App\Controllers\Manager\PostsController->newPost()
 2 SYSTEMPATH\CodeIgniter.php(509): CodeIgniter\CodeIgniter->runController()
 3 SYSTEMPATH\CodeIgniter.php(355): CodeIgniter\CodeIgniter->handleRequest()
 4 SYSTEMPATH\Boot.php(325): CodeIgniter\CodeIgniter->run()
 5 SYSTEMPATH\Boot.php(67): CodeIgniter\Boot::runCodeIgniter()
 6 FCPATH\index.php(56): CodeIgniter\Boot::bootWeb()
CRITICAL - 2024-12-13 12:49:01 --> CodeIgniter\View\Exceptions\ViewException: Invalid file: "newpost.php"
[Method: GET, Route: manager/posts/new]
in SYSTEMPATH\Exceptions\FrameworkException.php on line 41.
 1 SYSTEMPATH\View\View.php(222): CodeIgniter\Exceptions\FrameworkException::forInvalidFile()
 2 SYSTEMPATH\Common.php(1171): CodeIgniter\View\View->render()
 3 APPPATH\Controllers\Manager\PostsController.php(86): view()
 4 SYSTEMPATH\CodeIgniter.php(933): App\Controllers\Manager\PostsController->newPost()
 5 SYSTEMPATH\CodeIgniter.php(509): CodeIgniter\CodeIgniter->runController()
 6 SYSTEMPATH\CodeIgniter.php(355): CodeIgniter\CodeIgniter->handleRequest()
 7 SYSTEMPATH\Boot.php(325): CodeIgniter\CodeIgniter->run()
 8 SYSTEMPATH\Boot.php(67): CodeIgniter\Boot::runCodeIgniter()
 9 FCPATH\index.php(56): CodeIgniter\Boot::bootWeb()
INFO - 2024-12-13 12:51:41 --> Session: Class initialized using 'CodeIgniter\Session\Handlers\FileHandler' driver.
INFO - 2024-12-13 12:54:47 --> Session: Class initialized using 'CodeIgniter\Session\Handlers\FileHandler' driver.
INFO - 2024-12-13 12:55:39 --> Session: Class initialized using 'CodeIgniter\Session\Handlers\FileHandler' driver.
INFO - 2024-12-13 13:08:52 --> Session: Class initialized using 'CodeIgniter\Session\Handlers\FileHandler' driver.
INFO - 2024-12-13 13:08:59 --> Session: Class initialized using 'CodeIgniter\Session\Handlers\FileHandler' driver.
INFO - 2024-12-13 13:09:32 --> Session: Class initialized using 'CodeIgniter\Session\Handlers\FileHandler' driver.
INFO - 2024-12-13 13:09:39 --> Session: Class initialized using 'CodeIgniter\Session\Handlers\FileHandler' driver.
INFO - 2024-12-13 13:16:34 --> Session: Class initialized using 'CodeIgniter\Session\Handlers\FileHandler' driver.
INFO - 2024-12-13 13:16:45 --> Session: Class initialized using 'CodeIgniter\Session\Handlers\FileHandler' driver.
INFO - 2024-12-13 13:16:59 --> Session: Class initialized using 'CodeIgniter\Session\Handlers\FileHandler' driver.
INFO - 2024-12-13 13:17:04 --> Session: Class initialized using 'CodeIgniter\Session\Handlers\FileHandler' driver.
INFO - 2024-12-13 13:17:18 --> Session: Class initialized using 'CodeIgniter\Session\Handlers\FileHandler' driver.
INFO - 2024-12-13 13:17:23 --> Session: Class initialized using 'CodeIgniter\Session\Handlers\FileHandler' driver.
INFO - 2024-12-13 13:23:58 --> Session: Class initialized using 'CodeIgniter\Session\Handlers\FileHandler' driver.
INFO - 2024-12-13 13:24:03 --> Session: Class initialized using 'CodeIgniter\Session\Handlers\FileHandler' driver.
INFO - 2024-12-13 13:24:35 --> Session: Class initialized using 'CodeIgniter\Session\Handlers\FileHandler' driver.
INFO - 2024-12-13 13:25:19 --> Session: Class initialized using 'CodeIgniter\Session\Handlers\FileHandler' driver.
INFO - 2024-12-13 13:28:53 --> Session: Class initialized using 'CodeIgniter\Session\Handlers\FileHandler' driver.
INFO - 2024-12-13 13:30:10 --> Session: Class initialized using 'CodeIgniter\Session\Handlers\FileHandler' driver.
INFO - 2024-12-13 13:33:06 --> Session: Class initialized using 'CodeIgniter\Session\Handlers\FileHandler' driver.
INFO - 2024-12-13 13:33:50 --> Session: Class initialized using 'CodeIgniter\Session\Handlers\FileHandler' driver.
INFO - 2024-12-13 13:34:12 --> Session: Class initialized using 'CodeIgniter\Session\Handlers\FileHandler' driver.
INFO - 2024-12-13 13:34:27 --> Session: Class initialized using 'CodeIgniter\Session\Handlers\FileHandler' driver.
INFO - 2024-12-13 13:34:52 --> Session: Class initialized using 'CodeIgniter\Session\Handlers\FileHandler' driver.
INFO - 2024-12-13 13:35:13 --> Session: Class initialized using 'CodeIgniter\Session\Handlers\FileHandler' driver.
INFO - 2024-12-13 13:35:50 --> Session: Class initialized using 'CodeIgniter\Session\Handlers\FileHandler' driver.
INFO - 2024-12-13 13:36:24 --> Session: Class initialized using 'CodeIgniter\Session\Handlers\FileHandler' driver.
INFO - 2024-12-13 13:36:34 --> Session: Class initialized using 'CodeIgniter\Session\Handlers\FileHandler' driver.
INFO - 2024-12-13 13:37:22 --> Session: Class initialized using 'CodeIgniter\Session\Handlers\FileHandler' driver.
INFO - 2024-12-13 13:37:27 --> Session: Class initialized using 'CodeIgniter\Session\Handlers\FileHandler' driver.
INFO - 2024-12-13 13:37:55 --> Session: Class initialized using 'CodeIgniter\Session\Handlers\FileHandler' driver.
INFO - 2024-12-13 14:13:41 --> Session: Class initialized using 'CodeIgniter\Session\Handlers\FileHandler' driver.
INFO - 2024-12-13 14:14:00 --> Session: Class initialized using 'CodeIgniter\Session\Handlers\FileHandler' driver.
INFO - 2024-12-13 14:14:12 --> Session: Class initialized using 'CodeIgniter\Session\Handlers\FileHandler' driver.
INFO - 2024-12-13 14:14:20 --> Session: Class initialized using 'CodeIgniter\Session\Handlers\FileHandler' driver.
INFO - 2024-12-13 14:14:24 --> Session: Class initialized using 'CodeIgniter\Session\Handlers\FileHandler' driver.
